{"commitInfo":{"timestamp":1712255578744,"operation":"WRITE","operationParameters":{"mode":"Append","partitionBy":"[]"},"readVersion":2,"isolationLevel":"Serializable","isBlindAppend":true,"operationMetrics":{"numFiles":"2","numOutputRows":"2","numOutputBytes":"1308"},"engineInfo":"Apache-Spark/3.5.0 Delta-Lake/3.2.0-SNAPSHOT","txnId":"ca9f5b81-2b95-42c1-aa95-ba77c73ac93f"}}
{"add":{"path":"part-00000-aeaf02ad-6896-4430-9308-6ed13fadf721-c000.snappy.parquet","partitionValues":{},"size":654,"modificationTime":1712255578176,"dataChange":true,"stats":"{\"numRecords\":1,\"minValues\":{\"a\":5,\"b\":\"e\"},\"maxValues\":{\"a\":5,\"b\":\"e\"},\"nullCount\":{\"a\":0,\"b\":0}}"}}
{"add":{"path":"part-00001-9f98b96a-34a6-463d-a210-c8d5014098b0-c000.snappy.parquet","partitionValues":{},"size":654,"modificationTime":1712255578177,"dataChange":true,"stats":"{\"numRecords\":1,\"minValues\":{\"a\":6,\"b\":\"f\"},\"maxValues\":{\"a\":6,\"b\":\"f\"},\"nullCount\":{\"a\":0,\"b\":0}}"}}
