{"commitInfo":{"timestamp":1712255576636,"operation":"WRITE","operationParameters":{"mode":"Append","partitionBy":"[]"},"readVersion":1,"isolationLevel":"Serializable","isBlindAppend":true,"operationMetrics":{"numFiles":"2","numOutputRows":"2","numOutputBytes":"1308"},"engineInfo":"Apache-Spark/3.5.0 Delta-Lake/3.2.0-SNAPSHOT","txnId":"d4296f4b-1e18-4e6e-a114-429885c4baa5"}}
{"add":{"path":"part-00000-bdbbba39-55c6-4d88-ab7a-53c926ec2db9-c000.snappy.parquet","partitionValues":{},"size":654,"modificationTime":1712255576631,"dataChange":true,"stats":"{\"numRecords\":1,\"minValues\":{\"a\":3,\"b\":\"c\"},\"maxValues\":{\"a\":3,\"b\":\"c\"},\"nullCount\":{\"a\":0,\"b\":0}}"}}
{"add":{"path":"part-00001-5667d9f4-60ec-4dbe-b66e-ec47a0048c13-c000.snappy.parquet","partitionValues":{},"size":654,"modificationTime":1712255576632,"dataChange":true,"stats":"{\"numRecords\":1,\"minValues\":{\"a\":4,\"b\":\"d\"},\"maxValues\":{\"a\":4,\"b\":\"d\"},\"nullCount\":{\"a\":0,\"b\":0}}"}}
