{"commitInfo":{"timestamp":1712337803320,"operation":"WRITE","operationParameters":{"mode":"Append","partitionBy":"[]"},"readVersion":0,"isolationLevel":"Serializable","isBlindAppend":true,"operationMetrics":{"numFiles":"2","numOutputRows":"2","numOutputBytes":"1308"},"engineInfo":"Apache-Spark/3.5.0 Delta-Lake/3.2.0-SNAPSHOT","txnId":"94b3f7d9-0457-4429-b657-a42c616ce1eb"}}
{"add":{"path":"part-00000-a94828c1-fa9b-4a8b-a765-d8ccffb6ff9d-c000.snappy.parquet","partitionValues":{},"size":654,"modificationTime":1712337803240,"dataChange":true,"stats":"{\"numRecords\":1,\"minValues\":{\"a\":1,\"b\":\"a\"},\"maxValues\":{\"a\":1,\"b\":\"a\"},\"nullCount\":{\"a\":0,\"b\":0}}"}}
{"add":{"path":"part-00001-5fcb1981-f687-43b4-9856-2fbf417e9b66-c000.snappy.parquet","partitionValues":{},"size":654,"modificationTime":1712337803240,"dataChange":true,"stats":"{\"numRecords\":1,\"minValues\":{\"a\":2,\"b\":\"b\"},\"maxValues\":{\"a\":2,\"b\":\"b\"},\"nullCount\":{\"a\":0,\"b\":0}}"}}
