{"commitInfo":{"timestamp":1712337804008,"operation":"WRITE","operationParameters":{"mode":"Append","partitionBy":"[]"},"readVersion":1,"isolationLevel":"Serializable","isBlindAppend":true,"operationMetrics":{"numFiles":"2","numOutputRows":"2","numOutputBytes":"1308"},"engineInfo":"Apache-Spark/3.5.0 Delta-Lake/3.2.0-SNAPSHOT","txnId":"2f0a673a-0d82-4ad6-99bf-7efa70050415"}}
{"add":{"path":"part-00000-1aa5f015-1c47-4a20-a4f2-8e9a30fa3ff0-c000.snappy.parquet","partitionValues":{},"size":654,"modificationTime":1712337804002,"dataChange":true,"stats":"{\"numRecords\":1,\"minValues\":{\"a\":3,\"b\":\"c\"},\"maxValues\":{\"a\":3,\"b\":\"c\"},\"nullCount\":{\"a\":0,\"b\":0}}"}}
{"add":{"path":"part-00001-9fce630c-d2fa-4b69-8a37-b363ddce4764-c000.snappy.parquet","partitionValues":{},"size":654,"modificationTime":1712337804005,"dataChange":true,"stats":"{\"numRecords\":1,\"minValues\":{\"a\":4,\"b\":\"d\"},\"maxValues\":{\"a\":4,\"b\":\"d\"},\"nullCount\":{\"a\":0,\"b\":0}}"}}
