{"commitInfo":{"timestamp":1712337799718,"operation":"CREATE TABLE","operationParameters":{"partitionBy":"[]","clusterBy":"[]","description":null,"isManaged":"false","properties":"{\"delta.checkpointPolicy\":\"v2\",\"delta.checkpointInterval\":\"2\"}"},"isolationLevel":"Serializable","isBlindAppend":true,"operationMetrics":{},"engineInfo":"Apache-Spark/3.5.0 Delta-Lake/3.2.0-SNAPSHOT","txnId":"c0a345db-aa15-4fd3-ac0d-1ca0b773ded5"}}
{"metaData":{"id":"testId","format":{"provider":"parquet","options":{}},"schemaString":"{\"type\":\"struct\",\"fields\":[{\"name\":\"a\",\"type\":\"integer\",\"nullable\":true,\"metadata\":{}},{\"name\":\"b\",\"type\":\"string\",\"nullable\":true,\"metadata\":{}}]}","partitionColumns":[],"configuration":{"delta.checkpointPolicy":"v2","delta.checkpointInterval":"2"},"createdTime":1712337799619}}
{"protocol":{"minReaderVersion":3,"minWriterVersion":7,"readerFeatures":["v2Checkpoint"],"writerFeatures":["v2Checkpoint"]}}
