{"commitInfo":{"timestamp":1689647293847,"operation":"WRITE","operationParameters":{"mode":"ErrorIfExists","partitionBy":"[\"part\"]"},"isolationLevel":"Serializable","isBlindAppend":true,"operationMetrics":{"numFiles":"2","numOutputRows":"3","numOutputBytes":"1417"},"engineInfo":"Apache-Spark/3.4.0 Delta-Lake/3.0.0-SNAPSHOT","txnId":"56bd5bef-9a18-4aaf-b7d4-8b8b0d21d73a"}}
{"metaData":{"id":"testId","format":{"provider":"parquet","options":{}},"schemaString":"{\"type\":\"struct\",\"fields\":[{\"name\":\"id\",\"type\":\"integer\",\"nullable\":true,\"metadata\":{}},{\"name\":\"part\",\"type\":\"timestamp\",\"nullable\":true,\"metadata\":{}},{\"name\":\"time\",\"type\":\"timestamp\",\"nullable\":true,\"metadata\":{}}]}","partitionColumns":["part"],"configuration":{},"createdTime":1689647288861}}
{"protocol":{"minReaderVersion":1,"minWriterVersion":2}}
{"add":{"path":"part=2020-01-01%2008%253A09%253A10.001/part-00000-e0660395-1ab1-400e-b51a-929eef0d5d3e.c000.snappy.parquet","partitionValues":{"part":"2020-01-01 08:09:10.001"},"size":728,"modificationTime":1689647293000,"dataChange":true,"stats":"{\"numRecords\":1,\"minValues\":{\"id\":0,\"time\":\"2020-02-01T08:09:10.000Z\"},\"maxValues\":{\"id\":0,\"time\":\"2020-02-01T08:09:10.000Z\"},\"nullCount\":{\"id\":0,\"time\":0}}"}}
{"add":{"path":"part=2021-10-01%2008%253A09%253A20/part-00001-a6e88891-6248-47c2-b892-1f3dcb245b20.c000.snappy.parquet","partitionValues":{"part":"2021-10-01 08:09:20"},"size":689,"modificationTime":1689647293000,"dataChange":true,"stats":"{\"numRecords\":2,\"minValues\":{\"id\":1,\"time\":\"1999-01-01T09:00:00.000Z\"},\"maxValues\":{\"id\":2,\"time\":\"2000-01-01T09:00:00.000Z\"},\"nullCount\":{\"id\":0,\"time\":0}}"}}
