{"commitInfo":{"timestamp":1707188611158,"operation":"WRITE","operationParameters":{"mode":"Append","partitionBy":"[]"},"readVersion":9,"isolationLevel":"Serializable","isBlindAppend":true,"operationMetrics":{"numFiles":"2","numOutputRows":"10","numOutputBytes":"1005"},"engineInfo":"Apache-Spark/3.5.0 Delta-Lake/3.1.0-SNAPSHOT","txnId":"b35f90de-3b38-42c2-b3e3-e68f74a46fa4"}}
{"add":{"path":"part-00000-a7158855-57b5-4eb3-b0e0-5f161ccdbbb0-c000.snappy.parquet","partitionValues":{},"size":502,"modificationTime":1707188611000,"dataChange":true,"stats":"{\"numRecords\":5,\"minValues\":{\"id\":100},\"maxValues\":{\"id\":104},\"nullCount\":{\"id\":0}}"}}
{"add":{"path":"part-00001-4ce10135-46fa-44e0-8348-814f0fbf0a2d-c000.snappy.parquet","partitionValues":{},"size":503,"modificationTime":1707188611000,"dataChange":true,"stats":"{\"numRecords\":5,\"minValues\":{\"id\":105},\"maxValues\":{\"id\":109},\"nullCount\":{\"id\":0}}"}}
