{"commitInfo":{"timestamp":1707188617204,"operation":"WRITE","operationParameters":{"mode":"Overwrite","partitionBy":"[]"},"readVersion":10,"isolationLevel":"Serializable","isBlindAppend":false,"operationMetrics":{"numFiles":"2","numOutputRows":"50","numOutputBytes":"1234"},"engineInfo":"Apache-Spark/3.5.0 Delta-Lake/3.1.0-SNAPSHOT","txnId":"2bf80daa-0791-46cd-91c5-effcd28f06c7"}}
{"add":{"path":"part-00000-503d1480-9899-43ac-a871-33e5b07cfa75-c000.snappy.parquet","partitionValues":{},"size":645,"modificationTime":1707188616000,"dataChange":true,"stats":"{\"numRecords\":25,\"minValues\":{\"id\":0},\"maxValues\":{\"id\":24},\"nullCount\":{\"id\":0}}"}}
{"add":{"path":"part-00001-12c89642-8e41-4958-a594-0eb394528f37-c000.snappy.parquet","partitionValues":{},"size":589,"modificationTime":1707188616000,"dataChange":true,"stats":"{\"numRecords\":25,\"minValues\":{\"id\":25},\"maxValues\":{\"id\":49},\"nullCount\":{\"id\":0}}"}}
{"remove":{"path":"part-00000-1681c37b-a3f8-4913-9277-ff17a7b0efc2-c000.snappy.parquet","deletionTimestamp":1707188617200,"dataChange":true,"extendedFileMetadata":true,"partitionValues":{},"size":503}}
{"remove":{"path":"part-00000-1df3d3c8-178d-4859-a113-ba232e67dd4d-c000.snappy.parquet","deletionTimestamp":1707188617200,"dataChange":true,"extendedFileMetadata":true,"partitionValues":{},"size":503}}
{"remove":{"path":"part-00000-580d951a-3012-480b-a21b-0b52c77f3372-c000.snappy.parquet","deletionTimestamp":1707188617200,"dataChange":true,"extendedFileMetadata":true,"partitionValues":{},"size":503}}
{"remove":{"path":"part-00000-a7158855-57b5-4eb3-b0e0-5f161ccdbbb0-c000.snappy.parquet","deletionTimestamp":1707188617200,"dataChange":true,"extendedFileMetadata":true,"partitionValues":{},"size":502}}
{"remove":{"path":"part-00000-d32bdaa7-3601-4dbb-abdd-971bd03c7b8e-c000.snappy.parquet","deletionTimestamp":1707188617200,"dataChange":true,"extendedFileMetadata":true,"partitionValues":{},"size":503}}
{"remove":{"path":"part-00000-e55c24ff-a4b8-499d-bc02-0a92b9901fc6-c000.snappy.parquet","deletionTimestamp":1707188617200,"dataChange":true,"extendedFileMetadata":true,"partitionValues":{},"size":503}}
{"remove":{"path":"part-00000-edb2b893-20d9-4397-abf0-06fc360af553-c000.snappy.parquet","deletionTimestamp":1707188617200,"dataChange":true,"extendedFileMetadata":true,"partitionValues":{},"size":503}}
{"remove":{"path":"part-00001-16ad0641-26ea-4396-bbbc-08ce8f0e9b61-c000.snappy.parquet","deletionTimestamp":1707188617200,"dataChange":true,"extendedFileMetadata":true,"partitionValues":{},"size":503}}
{"remove":{"path":"part-00001-2667e831-6a16-42d0-b253-c867f23d15dc-c000.snappy.parquet","deletionTimestamp":1707188617200,"dataChange":true,"extendedFileMetadata":true,"partitionValues":{},"size":503}}
{"remove":{"path":"part-00001-596c6c65-8b72-48f0-8189-78cb3eaf6dee-c000.snappy.parquet","deletionTimestamp":1707188617200,"dataChange":true,"extendedFileMetadata":true,"partitionValues":{},"size":503}}
{"remove":{"path":"part-00001-6a337113-1f8b-4e33-98e6-8c5bf89b14f8-c000.snappy.parquet","deletionTimestamp":1707188617200,"dataChange":true,"extendedFileMetadata":true,"partitionValues":{},"size":503}}
{"remove":{"path":"part-00001-821255d6-c82d-4092-a58f-c1e1b3a0841e-c000.snappy.parquet","deletionTimestamp":1707188617200,"dataChange":true,"extendedFileMetadata":true,"partitionValues":{},"size":503}}
{"remove":{"path":"part-00001-d07bf047-d03f-4145-b64b-52101230a8cc-c000.snappy.parquet","deletionTimestamp":1707188617200,"dataChange":true,"extendedFileMetadata":true,"partitionValues":{},"size":503}}
{"remove":{"path":"part-00000-129814f7-d65c-499f-a8a3-3c2c70a70eff-c000.snappy.parquet","deletionTimestamp":1707188617200,"dataChange":true,"extendedFileMetadata":true,"partitionValues":{},"size":500}}
{"remove":{"path":"part-00000-1a2604ee-56f9-4030-b18a-4c8f61577411-c000.snappy.parquet","deletionTimestamp":1707188617200,"dataChange":true,"extendedFileMetadata":true,"partitionValues":{},"size":503}}
{"remove":{"path":"part-00000-2e1ea78d-e9ab-4660-b67d-45c561692c0e-c000.snappy.parquet","deletionTimestamp":1707188617200,"dataChange":true,"extendedFileMetadata":true,"partitionValues":{},"size":503}}
{"remove":{"path":"part-00000-90c9571f-bfca-4b19-8423-bfe1b73ae3fc-c000.snappy.parquet","deletionTimestamp":1707188617200,"dataChange":true,"extendedFileMetadata":true,"partitionValues":{},"size":503}}
{"remove":{"path":"part-00001-02158275-8ab1-4fbd-b984-5ad16e5daa10-c000.snappy.parquet","deletionTimestamp":1707188617200,"dataChange":true,"extendedFileMetadata":true,"partitionValues":{},"size":503}}
{"remove":{"path":"part-00001-0d7a58fe-517f-4cf0-bbfb-d3f94c9dc2ab-c000.snappy.parquet","deletionTimestamp":1707188617200,"dataChange":true,"extendedFileMetadata":true,"partitionValues":{},"size":503}}
{"remove":{"path":"part-00001-4ce10135-46fa-44e0-8348-814f0fbf0a2d-c000.snappy.parquet","deletionTimestamp":1707188617200,"dataChange":true,"extendedFileMetadata":true,"partitionValues":{},"size":503}}
{"remove":{"path":"part-00001-afdb1fe4-f7e8-422b-8e89-22ab0a1c820b-c000.snappy.parquet","deletionTimestamp":1707188617200,"dataChange":true,"extendedFileMetadata":true,"partitionValues":{},"size":503}}
{"remove":{"path":"part-00001-d83de98c-35d0-4fe5-9c19-2e843e69bc85-c000.snappy.parquet","deletionTimestamp":1707188617200,"dataChange":true,"extendedFileMetadata":true,"partitionValues":{},"size":503}}
