{"commitInfo":{"timestamp":1704475652907,"operation":"WRITE","operationParameters":{"mode":"ErrorIfExists","partitionBy":"[]"},"isolationLevel":"Serializable","isBlindAppend":true,"operationMetrics":{"numFiles":"1","numOutputRows":"3","numOutputBytes":"1563"},"engineInfo":"Apache-Spark/3.5.0 Delta-Lake/3.1.0-SNAPSHOT","txnId":"3301cd07-da46-4261-8fd9-d811d3c790b8"}}
{"metaData":{"id":"testId","format":{"provider":"parquet","options":{}},"schemaString":"{\"type\":\"struct\",\"fields\":[{\"name\":\"a\",\"type\":\"string\",\"nullable\":true,\"metadata\":{}}]}","partitionColumns":[],"configuration":{},"createdTime":1704475652483}}
{"protocol":{"minReaderVersion":1,"minWriterVersion":2}}
{"add":{"path":"part-00000-75f8482f-a648-4f6e-b703-6bae347d4f9f-c000.snappy.parquet","partitionValues":{},"size":1563,"modificationTime":1704475652000,"dataChange":true,"stats":"{\"numRecords\":3,\"minValues\":{\"a\":\"AAAAAAAAAAAAAAAAAAAAAAAAAAAAAAAA\"},\"maxValues\":{\"a\":\"C\"},\"nullCount\":{\"a\":0}}"}}
