{"commitInfo":{"timestamp":1712255807841,"operation":"WRITE","operationParameters":{"mode":"Append","partitionBy":"[]"},"readVersion":0,"isolationLevel":"Serializable","isBlindAppend":true,"operationMetrics":{"numFiles":"2","numOutputRows":"2","numOutputBytes":"1308"},"engineInfo":"Apache-Spark/3.5.0 Delta-Lake/3.2.0-SNAPSHOT","txnId":"610ce8af-c5db-4eb2-bc83-ce80224ef8d9"}}
{"add":{"path":"part-00000-5d4f4400-5db4-4e7d-a2b0-720e33bdb7c2-c000.snappy.parquet","partitionValues":{},"size":654,"modificationTime":1712255807793,"dataChange":true,"stats":"{\"numRecords\":1,\"minValues\":{\"a\":1,\"b\":\"a\"},\"maxValues\":{\"a\":1,\"b\":\"a\"},\"nullCount\":{\"a\":0,\"b\":0}}"}}
{"add":{"path":"part-00001-6908d66c-4670-42ee-af6d-ac183faa4af8-c000.snappy.parquet","partitionValues":{},"size":654,"modificationTime":1712255807793,"dataChange":true,"stats":"{\"numRecords\":1,\"minValues\":{\"a\":2,\"b\":\"b\"},\"maxValues\":{\"a\":2,\"b\":\"b\"},\"nullCount\":{\"a\":0,\"b\":0}}"}}
