{"commitInfo":{"timestamp":1712255808530,"operation":"WRITE","operationParameters":{"mode":"Append","partitionBy":"[]"},"readVersion":1,"isolationLevel":"Serializable","isBlindAppend":true,"operationMetrics":{"numFiles":"2","numOutputRows":"2","numOutputBytes":"1308"},"engineInfo":"Apache-Spark/3.5.0 Delta-Lake/3.2.0-SNAPSHOT","txnId":"c7c63aa0-cc43-493c-b289-ed44cf4d73f9"}}
{"add":{"path":"part-00000-de5de6a1-4a77-487a-bd13-c1f540b8fa3d-c000.snappy.parquet","partitionValues":{},"size":654,"modificationTime":1712255808524,"dataChange":true,"stats":"{\"numRecords\":1,\"minValues\":{\"a\":3,\"b\":\"c\"},\"maxValues\":{\"a\":3,\"b\":\"c\"},\"nullCount\":{\"a\":0,\"b\":0}}"}}
{"add":{"path":"part-00001-e81998cf-6e2b-4224-ba9b-73c96b23a009-c000.snappy.parquet","partitionValues":{},"size":654,"modificationTime":1712255808527,"dataChange":true,"stats":"{\"numRecords\":1,\"minValues\":{\"a\":4,\"b\":\"d\"},\"maxValues\":{\"a\":4,\"b\":\"d\"},\"nullCount\":{\"a\":0,\"b\":0}}"}}
