{"commitInfo":{"timestamp":1712255811547,"operation":"WRITE","operationParameters":{"mode":"Append","partitionBy":"[]"},"readVersion":2,"isolationLevel":"Serializable","isBlindAppend":true,"operationMetrics":{"numFiles":"2","numOutputRows":"2","numOutputBytes":"1308"},"engineInfo":"Apache-Spark/3.5.0 Delta-Lake/3.2.0-SNAPSHOT","txnId":"cda86a2d-6c60-499f-bf8c-05aee15d2f9a"}}
{"add":{"path":"part-00000-43749d4d-ad3e-4d15-ba14-6e9686fa257d-c000.snappy.parquet","partitionValues":{},"size":654,"modificationTime":1712255810558,"dataChange":true,"stats":"{\"numRecords\":1,\"minValues\":{\"a\":5,\"b\":\"e\"},\"maxValues\":{\"a\":5,\"b\":\"e\"},\"nullCount\":{\"a\":0,\"b\":0}}"}}
{"add":{"path":"part-00001-b4d92204-b43e-4383-8968-4abe69ed2c7c-c000.snappy.parquet","partitionValues":{},"size":654,"modificationTime":1712255810556,"dataChange":true,"stats":"{\"numRecords\":1,\"minValues\":{\"a\":6,\"b\":\"f\"},\"maxValues\":{\"a\":6,\"b\":\"f\"},\"nullCount\":{\"a\":0,\"b\":0}}"}}
