{"commitInfo":{"timestamp":1704475659971,"operation":"WRITE","operationParameters":{"mode":"ErrorIfExists","partitionBy":"[]"},"isolationLevel":"Serializable","isBlindAppend":true,"operationMetrics":{"numFiles":"1","numOutputRows":"2","numOutputBytes":"740"},"engineInfo":"Apache-Spark/3.5.0 Delta-Lake/3.1.0-SNAPSHOT","txnId":"8d2a36bd-305d-49ba-92b8-191ba54e6bac"}}
{"metaData":{"id":"testId","format":{"provider":"parquet","options":{}},"schemaString":"{\"type\":\"struct\",\"fields\":[{\"name\":\"a\",\"type\":\"long\",\"nullable\":true,\"metadata\":{}},{\"name\":\"b\",\"type\":\"string\",\"nullable\":true,\"metadata\":{}}]}","partitionColumns":[],"configuration":{},"createdTime":1704475659437}}
{"protocol":{"minReaderVersion":1,"minWriterVersion":2}}
{"add":{"path":"part-00000-4b5e5a52-2101-4ce6-a9be-f7b123d12871-c000.snappy.parquet","partitionValues":{},"size":740,"modificationTime":1704475659000,"dataChange":true,"stats":"{\"numRecords\":2,\"minValues\":{\"a\":1,\"b\":\"2017-08-31\"},\"maxValues\":{\"a\":2,\"b\":\"2017-09-01\"},\"nullCount\":{\"a\":0,\"b\":0}}"}}
