{"commitInfo":{"timestamp":1704475708537,"operation":"WRITE","operationParameters":{"mode":"ErrorIfExists","partitionBy":"[]"},"isolationLevel":"Serializable","isBlindAppend":true,"operationMetrics":{"numFiles":"1","numOutputRows":"3","numOutputBytes":"470"},"engineInfo":"Apache-Spark/3.5.0 Delta-Lake/3.1.0-SNAPSHOT","txnId":"5d50cb3d-083d-4dbe-88ed-818b8cec10f7"}}
{"metaData":{"id":"testId","format":{"provider":"parquet","options":{}},"schemaString":"{\"type\":\"struct\",\"fields\":[{\"name\":\"value\",\"type\":\"integer\",\"nullable\":true,\"metadata\":{}}]}","partitionColumns":[],"configuration":{},"createdTime":1704475708287}}
{"protocol":{"minReaderVersion":1,"minWriterVersion":2}}
{"add":{"path":"part-00000-1bb017c7-dcc7-41e4-a08d-0bf3ddd9d804-c000.snappy.parquet","partitionValues":{},"size":470,"modificationTime":1704475708000,"dataChange":true,"stats":"{\"numRecords\":3,\"minValues\":{\"value\":0},\"maxValues\":{\"value\":2},\"nullCount\":{\"value\":0}}"}}
