{"commitInfo":{"timestamp":1704475719903,"operation":"WRITE","operationParameters":{"mode":"Append","partitionBy":"[]"},"readVersion":2,"isolationLevel":"Serializable","isBlindAppend":true,"operationMetrics":{"numFiles":"2","numOutputRows":"1","numOutputBytes":"1055"},"engineInfo":"Apache-Spark/3.5.0 Delta-Lake/3.1.0-SNAPSHOT","txnId":"e887b5c6-cfae-49eb-a5ce-4a7398a6687f"}}
{"add":{"path":"part-00001-5ea7b54b-abdf-4bbf-8a05-b15a6aa11877-c000.snappy.parquet","partitionValues":{},"size":678,"modificationTime":1704475719000,"dataChange":true,"stats":"{\"numRecords\":1,\"minValues\":{\"part\":0,\"id\":0},\"maxValues\":{\"part\":0,\"id\":0},\"nullCount\":{\"part\":0,\"id\":0}}"}}
