{"commitInfo":{"timestamp":1704475655151,"operation":"WRITE","operationParameters":{"mode":"ErrorIfExists","partitionBy":"[]"},"isolationLevel":"Serializable","isBlindAppend":true,"operationMetrics":{"numFiles":"1","numOutputRows":"3","numOutputBytes":"1562"},"engineInfo":"Apache-Spark/3.5.0 Delta-Lake/3.1.0-SNAPSHOT","txnId":"a39df7cd-5dcf-47f9-9e38-6845a3022992"}}
{"metaData":{"id":"testId","format":{"provider":"parquet","options":{}},"schemaString":"{\"type\":\"struct\",\"fields\":[{\"name\":\"a\",\"type\":\"string\",\"nullable\":true,\"metadata\":{}}]}","partitionColumns":[],"configuration":{},"createdTime":1704475654832}}
{"protocol":{"minReaderVersion":1,"minWriterVersion":2}}
{"add":{"path":"part-00000-3661ed80-0bca-45fc-af19-6aad8b8adc29-c000.snappy.parquet","partitionValues":{},"size":1562,"modificationTime":1704475655000,"dataChange":true,"stats":"{\"numRecords\":3,\"minValues\":{\"a\":\"A\"},\"maxValues\":{\"a\":\"CCCCCCCCCCCCCCCCCCCCCCCCCCCCCCCCï¿½\"},\"nullCount\":{\"a\":0}}"}}
