{"commitInfo":{"timestamp":1704475665600,"operation":"WRITE","operationParameters":{"mode":"ErrorIfExists","partitionBy":"[]"},"isolationLevel":"Serializable","isBlindAppend":true,"operationMetrics":{"numFiles":"1","numOutputRows":"2","numOutputBytes":"732"},"engineInfo":"Apache-Spark/3.5.0 Delta-Lake/3.1.0-SNAPSHOT","txnId":"c26ab79d-8873-4af8-9557-b8279eb30969"}}
{"metaData":{"id":"testId","format":{"provider":"parquet","options":{}},"schemaString":"{\"type\":\"struct\",\"fields\":[{\"name\":\"a\",\"type\":\"long\",\"nullable\":true,\"metadata\":{}},{\"name\":\"b\",\"type\":\"long\",\"nullable\":true,\"metadata\":{}}]}","partitionColumns":[],"configuration":{"delta.dataSkippingNumIndexedCols":"1"},"createdTime":1704475665242}}
{"protocol":{"minReaderVersion":1,"minWriterVersion":2}}
{"add":{"path":"part-00000-907f1fd2-6685-4d6b-8579-0a1c14fcd7fb-c000.snappy.parquet","partitionValues":{},"size":732,"modificationTime":1704475665000,"dataChange":true,"stats":"{\"numRecords\":2,\"minValues\":{\"a\":1},\"maxValues\":{\"a\":2},\"nullCount\":{\"a\":0}}"}}
