{"commitInfo":{"timestamp":1712760373672,"operation":"WRITE","operationParameters":{"mode":"Append","partitionBy":"[]"},"readVersion":4,"isolationLevel":"Serializable","isBlindAppend":true,"operationMetrics":{"numFiles":"2","numOutputRows":"1","numOutputBytes":"1079"},"engineInfo":"Apache-Spark/3.5.0 Delta-Lake/3.2.0-SNAPSHOT","txnId":"98aacc80-7952-4368-aabe-3b62eee5c7a6"}}
{"add":{"path":"part-00001-27d8fc59-765a-44c7-9c67-e4809f945785-c000.snappy.parquet","partitionValues":{},"size":691,"modificationTime":1712760373552,"dataChange":true,"stats":"{\"numRecords\":1,\"minValues\":{\"col1\":2,\"col2\":2},\"maxValues\":{\"col1\":2,\"col2\":2},\"nullCount\":{\"col1\":0,\"col2\":0}}","defaultRowCommitVersion":5}}
