{"commitInfo":{"timestamp":1712760371265,"operation":"CHANGE COLUMN","operationParameters":{"column":"{\"name\":\"col2\",\"type\":\"integer\",\"nullable\":true,\"metadata\":{}}"},"readVersion":3,"isolationLevel":"Serializable","isBlindAppend":true,"operationMetrics":{},"engineInfo":"Apache-Spark/3.5.0 Delta-Lake/3.2.0-SNAPSHOT","txnId":"fcd644db-5621-460b-8fec-72e33f901b6d"}}
{"metaData":{"id":"c9339f6f-3393-42d6-a3e0-d0574923759c","format":{"provider":"parquet","options":{}},"schemaString":"{\"type\":\"struct\",\"fields\":[{\"name\":\"col1\",\"type\":\"short\",\"nullable\":true,\"metadata\":{\"delta.typeChanges\":[{\"toType\":\"short\",\"fromType\":\"byte\",\"tableVersion\":2}]}},{\"name\":\"col2\",\"type\":\"integer\",\"nullable\":true,\"metadata\":{\"delta.typeChanges\":[{\"toType\":\"integer\",\"fromType\":\"short\",\"tableVersion\":4}]}}]}","partitionColumns":[],"configuration":{"delta.enableTypeWidening":"true"},"createdTime":1712760339733}}
