{"commitInfo":{"timestamp":1712760365235,"operation":"CHANGE COLUMN","operationParameters":{"column":"{\"name\":\"col1\",\"type\":\"short\",\"nullable\":true,\"metadata\":{}}"},"readVersion":1,"isolationLevel":"Serializable","isBlindAppend":true,"operationMetrics":{},"engineInfo":"Apache-Spark/3.5.0 Delta-Lake/3.2.0-SNAPSHOT","txnId":"9f029fb5-0325-4db1-9b4d-444b1a039db0"}}
{"metaData":{"id":"c9339f6f-3393-42d6-a3e0-d0574923759c","format":{"provider":"parquet","options":{}},"schemaString":"{\"type\":\"struct\",\"fields\":[{\"name\":\"col1\",\"type\":\"short\",\"nullable\":true,\"metadata\":{\"delta.typeChanges\":[{\"toType\":\"short\",\"fromType\":\"byte\",\"tableVersion\":2}]}},{\"name\":\"col2\",\"type\":\"short\",\"nullable\":true,\"metadata\":{}}]}","partitionColumns":[],"configuration":{"delta.enableTypeWidening":"true"},"createdTime":1712760339733}}
