{"commitInfo":{"timestamp":1712760368704,"operation":"WRITE","operationParameters":{"mode":"Append","partitionBy":"[]"},"readVersion":2,"isolationLevel":"Serializable","isBlindAppend":true,"operationMetrics":{"numFiles":"2","numOutputRows":"1","numOutputBytes":"1093"},"engineInfo":"Apache-Spark/3.5.0 Delta-Lake/3.2.0-SNAPSHOT","txnId":"94a51ee0-599b-46f9-8264-525d29142b46"}}
{"add":{"path":"part-00001-5f2761f4-2d71-49b1-a12d-cbbb7a12cda6-c000.snappy.parquet","partitionValues":{},"size":698,"modificationTime":1712760368664,"dataChange":true,"stats":"{\"numRecords\":1,\"minValues\":{\"col1\":1,\"col2\":1},\"maxValues\":{\"col1\":1,\"col2\":1},\"nullCount\":{\"col1\":0,\"col2\":0}}","defaultRowCommitVersion":3}}
