{"commitInfo":{"timestamp":1704475650154,"operation":"WRITE","operationParameters":{"mode":"ErrorIfExists","partitionBy":"[]"},"isolationLevel":"Serializable","isBlindAppend":true,"operationMetrics":{"numFiles":"1","numOutputRows":"1","numOutputBytes":"655"},"engineInfo":"Apache-Spark/3.5.0 Delta-Lake/3.1.0-SNAPSHOT","txnId":"6b45d751-c4f2-434f-b812-ae54c11ad134"}}
{"metaData":{"id":"testId","format":{"provider":"parquet","options":{}},"schemaString":"{\"type\":\"struct\",\"fields\":[{\"name\":\"a\",\"type\":{\"type\":\"struct\",\"fields\":[{\"name\":\"b\",\"type\":{\"type\":\"struct\",\"fields\":[{\"name\":\"c\",\"type\":\"long\",\"nullable\":true,\"metadata\":{}}]},\"nullable\":true,\"metadata\":{}}]},\"nullable\":true,\"metadata\":{}}]}","partitionColumns":[],"configuration":{},"createdTime":1704475649747}}
{"protocol":{"minReaderVersion":1,"minWriterVersion":2}}
{"add":{"path":"part-00000-d65fafbf-00bc-4bae-ad77-947f91770067-c000.snappy.parquet","partitionValues":{},"size":655,"modificationTime":1704475650000,"dataChange":true,"stats":"{\"numRecords\":1,\"minValues\":{\"a\":{\"b\":{\"c\":1}}},\"maxValues\":{\"a\":{\"b\":{\"c\":1}}},\"nullCount\":{\"a\":{\"b\":{\"c\":0}}}}"}}
