{"commitInfo":{"timestamp":1704475711962,"operation":"SET TBLPROPERTIES","operationParameters":{"properties":"{\"delta.dataSkippingNumIndexedCols\":\"1\"}"},"readVersion":0,"isolationLevel":"Serializable","isBlindAppend":true,"operationMetrics":{},"engineInfo":"Apache-Spark/3.5.0 Delta-Lake/3.1.0-SNAPSHOT","txnId":"6def89ee-edc1-404f-92ef-0fe0158d6b02"}}
{"metaData":{"id":"testId","format":{"provider":"parquet","options":{}},"schemaString":"{\"type\":\"struct\",\"fields\":[{\"name\":\"col1\",\"type\":\"integer\",\"nullable\":true,\"metadata\":{}},{\"name\":\"col2\",\"type\":\"integer\",\"nullable\":true,\"metadata\":{}}]}","partitionColumns":[],"configuration":{"delta.dataSkippingNumIndexedCols":"1"},"createdTime":1704475710965}}
