{"commitInfo":{"timestamp":1704475711262,"operation":"WRITE","operationParameters":{"mode":"Append","partitionBy":"[]"},"isolationLevel":"Serializable","isBlindAppend":true,"operationMetrics":{"numFiles":"2","numOutputRows":"1","numOutputBytes":"1065"},"engineInfo":"Apache-Spark/3.5.0 Delta-Lake/3.1.0-SNAPSHOT","txnId":"631287f4-d958-4d0d-abe1-174c042b5c22"}}
{"metaData":{"id":"testId","format":{"provider":"parquet","options":{}},"schemaString":"{\"type\":\"struct\",\"fields\":[{\"name\":\"col1\",\"type\":\"integer\",\"nullable\":true,\"metadata\":{}},{\"name\":\"col2\",\"type\":\"integer\",\"nullable\":true,\"metadata\":{}}]}","partitionColumns":[],"configuration":{},"createdTime":1704475710965}}
{"protocol":{"minReaderVersion":1,"minWriterVersion":2}}
{"add":{"path":"part-00001-cb771849-e2a5-4ea9-889b-2580ba011d06-c000.snappy.parquet","partitionValues":{},"size":684,"modificationTime":1704475711000,"dataChange":true,"stats":"{\"numRecords\":1,\"minValues\":{\"col1\":0,\"col2\":0},\"maxValues\":{\"col1\":0,\"col2\":0},\"nullCount\":{\"col1\":0,\"col2\":0}}"}}
