{"commitInfo":{"timestamp":1704475712715,"operation":"WRITE","operationParameters":{"mode":"Append","partitionBy":"[]"},"readVersion":1,"isolationLevel":"Serializable","isBlindAppend":true,"operationMetrics":{"numFiles":"2","numOutputRows":"1","numOutputBytes":"1065"},"engineInfo":"Apache-Spark/3.5.0 Delta-Lake/3.1.0-SNAPSHOT","txnId":"bf6364de-dd42-41e2-b596-99483b56bd16"}}
{"add":{"path":"part-00001-e8033a44-d8d8-46ad-8987-a1fa08d359f6-c000.snappy.parquet","partitionValues":{},"size":684,"modificationTime":1704475712000,"dataChange":true,"stats":"{\"numRecords\":1,\"minValues\":{\"col1\":0},\"maxValues\":{\"col1\":0},\"nullCount\":{\"col1\":0}}"}}
