{"commitInfo":{"timestamp":1704475700692,"operation":"WRITE","operationParameters":{"mode":"Append","partitionBy":"[]"},"readVersion":3,"isolationLevel":"Serializable","isBlindAppend":true,"operationMetrics":{"numFiles":"2","numOutputRows":"2","numOutputBytes":"6219"},"engineInfo":"Apache-Spark/3.5.0 Delta-Lake/3.1.0-SNAPSHOT","txnId":"5e71ab9b-99e9-45bb-9038-0b9fc6a418c7"}}
{"add":{"path":"part-00000-5e85d0a2-dff4-45b5-bb70-90287d36c249-c000.snappy.parquet","partitionValues":{},"size":3109,"modificationTime":1704475700000,"dataChange":true,"stats":"{\"numRecords\":1,\"minValues\":{\"col-a968f13c-630f-4ab4-97a8-4fdac5f4c3fe\":1,\"col-695e2a85-7136-4e03-b120-106cc687916a\":1.0,\"col-ef977d1b-2b2e-47b4-93ff-ddf2e50a2486\":1.0,\"col-8182a864-6151-49b2-9296-c6280cdb67d4\":\"2001-01-01T01:00:00.000-08:00\",\"col-d34a2faf-665e-4e76-98eb-0fa43cbb8e29\":\"2001-01-01\",\"col-810eaacc-0483-4728-8adf-f588213413ce\":1.00},\"maxValues\":{\"col-a968f13c-630f-4ab4-97a8-4fdac5f4c3fe\":1,\"col-695e2a85-7136-4e03-b120-106cc687916a\":1.0,\"col-ef977d1b-2b2e-47b4-93ff-ddf2e50a2486\":1.0,\"col-8182a864-6151-49b2-9296-c6280cdb67d4\":\"2001-01-01T01:00:00.000-08:00\",\"col-d34a2faf-665e-4e76-98eb-0fa43cbb8e29\":\"2001-01-01\",\"col-810eaacc-0483-4728-8adf-f588213413ce\":1.00},\"nullCount\":{\"col-a968f13c-630f-4ab4-97a8-4fdac5f4c3fe\":0,\"col-695e2a85-7136-4e03-b120-106cc687916a\":0,\"col-ef977d1b-2b2e-47b4-93ff-ddf2e50a2486\":0,\"col-8182a864-6151-49b2-9296-c6280cdb67d4\":0,\"col-d34a2faf-665e-4e76-98eb-0fa43cbb8e29\":0,\"col-810eaacc-0483-4728-8adf-f588213413ce\":0}}"}}
{"add":{"path":"part-00001-f3a121fc-4726-4281-9d97-abebb80dc17f-c000.snappy.parquet","partitionValues":{},"size":3110,"modificationTime":1704475700000,"dataChange":true,"stats":"{\"numRecords\":1,\"minValues\":{\"col-a968f13c-630f-4ab4-97a8-4fdac5f4c3fe\":2,\"col-695e2a85-7136-4e03-b120-106cc687916a\":2.0,\"col-ef977d1b-2b2e-47b4-93ff-ddf2e50a2486\":2.0,\"col-8182a864-6151-49b2-9296-c6280cdb67d4\":\"2002-02-02T02:00:00.000-08:00\",\"col-d34a2faf-665e-4e76-98eb-0fa43cbb8e29\":\"2002-02-02\",\"col-810eaacc-0483-4728-8adf-f588213413ce\":2.00},\"maxValues\":{\"col-a968f13c-630f-4ab4-97a8-4fdac5f4c3fe\":2,\"col-695e2a85-7136-4e03-b120-106cc687916a\":2.0,\"col-ef977d1b-2b2e-47b4-93ff-ddf2e50a2486\":2.0,\"col-8182a864-6151-49b2-9296-c6280cdb67d4\":\"2002-02-02T02:00:00.000-08:00\",\"col-d34a2faf-665e-4e76-98eb-0fa43cbb8e29\":\"2002-02-02\",\"col-810eaacc-0483-4728-8adf-f588213413ce\":2.00},\"nullCount\":{\"col-a968f13c-630f-4ab4-97a8-4fdac5f4c3fe\":0,\"col-695e2a85-7136-4e03-b120-106cc687916a\":0,\"col-ef977d1b-2b2e-47b4-93ff-ddf2e50a2486\":0,\"col-8182a864-6151-49b2-9296-c6280cdb67d4\":0,\"col-d34a2faf-665e-4e76-98eb-0fa43cbb8e29\":0,\"col-810eaacc-0483-4728-8adf-f588213413ce\":0}}"}}
