{"commitInfo":{"timestamp":1704475698714,"operation":"DROP COLUMNS","operationParameters":{"columns":"[\"c7\"]"},"readVersion":1,"isolationLevel":"Serializable","isBlindAppend":true,"operationMetrics":{},"engineInfo":"Apache-Spark/3.5.0 Delta-Lake/3.1.0-SNAPSHOT","txnId":"38238834-efaa-4508-981d-2ba18b319d57"}}
{"metaData":{"id":"testId","format":{"provider":"parquet","options":{}},"schemaString":"{\"type\":\"struct\",\"fields\":[{\"name\":\"c1\",\"type\":\"long\",\"nullable\":true,\"metadata\":{\"delta.columnMapping.id\":1,\"delta.columnMapping.physicalName\":\"col-a968f13c-630f-4ab4-97a8-4fdac5f4c3fe\"}},{\"name\":\"c3\",\"type\":\"float\",\"nullable\":true,\"metadata\":{\"delta.columnMapping.id\":3,\"delta.columnMapping.physicalName\":\"col-695e2a85-7136-4e03-b120-106cc687916a\"}},{\"name\":\"c4\",\"type\":\"double\",\"nullable\":true,\"metadata\":{\"delta.columnMapping.id\":4,\"delta.columnMapping.physicalName\":\"col-ef977d1b-2b2e-47b4-93ff-ddf2e50a2486\"}},{\"name\":\"c5\",\"type\":\"timestamp\",\"nullable\":true,\"metadata\":{\"delta.columnMapping.id\":5,\"delta.columnMapping.physicalName\":\"col-8182a864-6151-49b2-9296-c6280cdb67d4\"}},{\"name\":\"c6\",\"type\":\"date\",\"nullable\":true,\"metadata\":{\"delta.columnMapping.id\":6,\"delta.columnMapping.physicalName\":\"col-d34a2faf-665e-4e76-98eb-0fa43cbb8e29\"}},{\"name\":\"c8\",\"type\":\"boolean\",\"nullable\":true,\"metadata\":{\"delta.columnMapping.id\":8,\"delta.columnMapping.physicalName\":\"col-8bc432f0-d806-4f95-b258-6cda5087fd55\"}},{\"name\":\"c9\",\"type\":\"decimal(3,2)\",\"nullable\":true,\"metadata\":{\"delta.columnMapping.id\":9,\"delta.columnMapping.physicalName\":\"col-810eaacc-0483-4728-8adf-f588213413ce\"}}]}","partitionColumns":[],"configuration":{"delta.columnMapping.mode":"name","delta.dataSkippingStatsColumns":"c1,c3,c4,c5,c6,c9","delta.columnMapping.maxColumnId":"9"},"createdTime":1704475696850}}
