{"commitInfo":{"timestamp":1704475687626,"operation":"RENAME COLUMN","operationParameters":{"oldColumnPath":"c4","newColumnPath":"cc4"},"readVersion":3,"isolationLevel":"Serializable","isBlindAppend":true,"operationMetrics":{},"engineInfo":"Apache-Spark/3.5.0 Delta-Lake/3.1.0-SNAPSHOT","txnId":"25344c23-d758-4c15-a1fb-661a97ecf0e2"}}
{"metaData":{"id":"testId","format":{"provider":"parquet","options":{}},"schemaString":"{\"type\":\"struct\",\"fields\":[{\"name\":\"cc1\",\"type\":\"long\",\"nullable\":true,\"metadata\":{\"delta.columnMapping.id\":1,\"delta.columnMapping.physicalName\":\"col-d011f654-5c26-466c-9f3b-2df9eb2d7baa\"}},{\"name\":\"cc2\",\"type\":\"string\",\"nullable\":true,\"metadata\":{\"delta.columnMapping.id\":2,\"delta.columnMapping.physicalName\":\"col-06a79049-9ba8-4c20-ad64-a9e175835090\"}},{\"name\":\"cc3\",\"type\":\"float\",\"nullable\":true,\"metadata\":{\"delta.columnMapping.id\":3,\"delta.columnMapping.physicalName\":\"col-3fe8ac8f-b2d0-4667-ac71-a01c710c6c48\"}},{\"name\":\"cc4\",\"type\":\"double\",\"nullable\":true,\"metadata\":{\"delta.columnMapping.id\":4,\"delta.columnMapping.physicalName\":\"col-393887f6-404e-47ae-ac15-2d1240235e08\"}},{\"name\":\"c5\",\"type\":\"timestamp\",\"nullable\":true,\"metadata\":{\"delta.columnMapping.id\":5,\"delta.columnMapping.physicalName\":\"col-2a923c0e-db63-462e-8e03-f1af3ce3082c\"}},{\"name\":\"c6\",\"type\":\"date\",\"nullable\":true,\"metadata\":{\"delta.columnMapping.id\":6,\"delta.columnMapping.physicalName\":\"col-2a03935c-97f4-46f0-bf6e-fb67a6310e97\"}},{\"name\":\"c7\",\"type\":\"binary\",\"nullable\":true,\"metadata\":{\"delta.columnMapping.id\":7,\"delta.columnMapping.physicalName\":\"col-2dd7064d-d485-4734-b5bf-f34814a6844b\"}},{\"name\":\"c8\",\"type\":\"boolean\",\"nullable\":true,\"metadata\":{\"delta.columnMapping.id\":8,\"delta.columnMapping.physicalName\":\"col-3da12cc9-3128-42e3-af5b-2f49fbd86755\"}},{\"name\":\"c9\",\"type\":\"decimal(3,2)\",\"nullable\":true,\"metadata\":{\"delta.columnMapping.id\":9,\"delta.columnMapping.physicalName\":\"col-f45929f3-936b-480a-9e56-3ca61a4a88bf\"}}]}","partitionColumns":[],"configuration":{"delta.columnMapping.mode":"name","delta.dataSkippingStatsColumns":"cc1,cc2,cc3,cc4,c5,c6,c9","delta.columnMapping.maxColumnId":"9"},"createdTime":1704475683509}}
