{"commitInfo":{"timestamp":1704475694035,"operation":"WRITE","operationParameters":{"mode":"Append","partitionBy":"[]"},"readVersion":9,"isolationLevel":"Serializable","isBlindAppend":true,"operationMetrics":{"numFiles":"2","numOutputRows":"2","numOutputBytes":"8913"},"engineInfo":"Apache-Spark/3.5.0 Delta-Lake/3.1.0-SNAPSHOT","txnId":"7180119c-2660-49a3-b137-e5385875839e"}}
{"add":{"path":"part-00000-8011163e-8ade-4438-8332-ac86c4b6110a-c000.snappy.parquet","partitionValues":{},"size":4456,"modificationTime":1704475693000,"dataChange":true,"stats":"{\"numRecords\":1,\"minValues\":{\"col-d011f654-5c26-466c-9f3b-2df9eb2d7baa\":1,\"col-06a79049-9ba8-4c20-ad64-a9e175835090\":\"1\",\"col-3fe8ac8f-b2d0-4667-ac71-a01c710c6c48\":1.0,\"col-393887f6-404e-47ae-ac15-2d1240235e08\":1.0,\"col-2a923c0e-db63-462e-8e03-f1af3ce3082c\":\"2001-01-01T01:00:00.000-08:00\",\"col-2a03935c-97f4-46f0-bf6e-fb67a6310e97\":\"2001-01-01\",\"col-f45929f3-936b-480a-9e56-3ca61a4a88bf\":1.00},\"maxValues\":{\"col-d011f654-5c26-466c-9f3b-2df9eb2d7baa\":1,\"col-06a79049-9ba8-4c20-ad64-a9e175835090\":\"1\",\"col-3fe8ac8f-b2d0-4667-ac71-a01c710c6c48\":1.0,\"col-393887f6-404e-47ae-ac15-2d1240235e08\":1.0,\"col-2a923c0e-db63-462e-8e03-f1af3ce3082c\":\"2001-01-01T01:00:00.000-08:00\",\"col-2a03935c-97f4-46f0-bf6e-fb67a6310e97\":\"2001-01-01\",\"col-f45929f3-936b-480a-9e56-3ca61a4a88bf\":1.00},\"nullCount\":{\"col-d011f654-5c26-466c-9f3b-2df9eb2d7baa\":0,\"col-06a79049-9ba8-4c20-ad64-a9e175835090\":0,\"col-3fe8ac8f-b2d0-4667-ac71-a01c710c6c48\":0,\"col-393887f6-404e-47ae-ac15-2d1240235e08\":0,\"col-2a923c0e-db63-462e-8e03-f1af3ce3082c\":0,\"col-2a03935c-97f4-46f0-bf6e-fb67a6310e97\":0,\"col-f45929f3-936b-480a-9e56-3ca61a4a88bf\":0}}"}}
{"add":{"path":"part-00001-2c88ce77-8b79-4eb6-ba39-1959d4274448-c000.snappy.parquet","partitionValues":{},"size":4457,"modificationTime":1704475693000,"dataChange":true,"stats":"{\"numRecords\":1,\"minValues\":{\"col-d011f654-5c26-466c-9f3b-2df9eb2d7baa\":2,\"col-06a79049-9ba8-4c20-ad64-a9e175835090\":\"2\",\"col-3fe8ac8f-b2d0-4667-ac71-a01c710c6c48\":2.0,\"col-393887f6-404e-47ae-ac15-2d1240235e08\":2.0,\"col-2a923c0e-db63-462e-8e03-f1af3ce3082c\":\"2002-02-02T02:00:00.000-08:00\",\"col-2a03935c-97f4-46f0-bf6e-fb67a6310e97\":\"2002-02-02\",\"col-f45929f3-936b-480a-9e56-3ca61a4a88bf\":2.00},\"maxValues\":{\"col-d011f654-5c26-466c-9f3b-2df9eb2d7baa\":2,\"col-06a79049-9ba8-4c20-ad64-a9e175835090\":\"2\",\"col-3fe8ac8f-b2d0-4667-ac71-a01c710c6c48\":2.0,\"col-393887f6-404e-47ae-ac15-2d1240235e08\":2.0,\"col-2a923c0e-db63-462e-8e03-f1af3ce3082c\":\"2002-02-02T02:00:00.000-08:00\",\"col-2a03935c-97f4-46f0-bf6e-fb67a6310e97\":\"2002-02-02\",\"col-f45929f3-936b-480a-9e56-3ca61a4a88bf\":2.00},\"nullCount\":{\"col-d011f654-5c26-466c-9f3b-2df9eb2d7baa\":0,\"col-06a79049-9ba8-4c20-ad64-a9e175835090\":0,\"col-3fe8ac8f-b2d0-4667-ac71-a01c710c6c48\":0,\"col-393887f6-404e-47ae-ac15-2d1240235e08\":0,\"col-2a923c0e-db63-462e-8e03-f1af3ce3082c\":0,\"col-2a03935c-97f4-46f0-bf6e-fb67a6310e97\":0,\"col-f45929f3-936b-480a-9e56-3ca61a4a88bf\":0}}"}}
