{"commitInfo":{"timestamp":1704475663921,"operation":"WRITE","operationParameters":{"mode":"ErrorIfExists","partitionBy":"[]"},"isolationLevel":"Serializable","isBlindAppend":true,"operationMetrics":{"numFiles":"1","numOutputRows":"1","numOutputBytes":"428"},"engineInfo":"Apache-Spark/3.5.0 Delta-Lake/3.1.0-SNAPSHOT","txnId":"547bea57-97c3-42ba-8cf5-093f7553d29d"}}
{"metaData":{"id":"testId","format":{"provider":"parquet","options":{}},"schemaString":"{\"type\":\"struct\",\"fields\":[{\"name\":\"a\",\"type\":\"boolean\",\"nullable\":true,\"metadata\":{}}]}","partitionColumns":[],"configuration":{},"createdTime":1704475663418}}
{"protocol":{"minReaderVersion":1,"minWriterVersion":2}}
{"add":{"path":"part-00000-50abfe49-aa79-44cc-b882-98dbf8415699-c000.snappy.parquet","partitionValues":{},"size":428,"modificationTime":1704475663000,"dataChange":true,"stats":"{\"numRecords\":1,\"nullCount\":{\"a\":0}}"}}
