{"checkpointMetadata":{"version":1,"tags":{"sidecarNumActions":"5","sidecarSizeInBytes":"30296","numOfAddFiles":"4"}}}
{"sidecar":{"path":"00000000000000000001.checkpoint.0000000001.0000000002.6731d58a.parquet","sizeInBytes":15148,"modificationTime":1712013221978}}
{"sidecar":{"path":"00000000000000000001.checkpoint.0000000002.0000000002.6731d58a.parquet","sizeInBytes":15148,"modificationTime":1712013221978}}
{"protocol":{"minReaderVersion":3,"minWriterVersion":7,"readerFeatures":["v2Checkpoint"],"writerFeatures":["v2Checkpoint"]}}
{"metaData":{"id":"testId","format":{"provider":"parquet","options":{}},"schemaString":"{\"type\":\"struct\",\"fields\":[{\"name\":\"a\",\"type\":\"long\",\"nullable\":true,\"metadata\":{}},{\"name\":\"b\",\"type\":\"long\",\"nullable\":true,\"metadata\":{}}]}","partitionColumns":[],"configuration":{"delta.checkpointPolicy":"v2"},"createdTime":1712013187915}}
