{"commitInfo":{"timestamp":1704475662063,"operation":"WRITE","operationParameters":{"mode":"ErrorIfExists","partitionBy":"[]"},"isolationLevel":"Serializable","isBlindAppend":true,"operationMetrics":{"numFiles":"1","numOutputRows":"2","numOutputBytes":"1118"},"engineInfo":"Apache-Spark/3.5.0 Delta-Lake/3.1.0-SNAPSHOT","txnId":"8eef79ec-6b98-4f79-999d-dacafa9b01cf"}}
{"metaData":{"id":"testId","format":{"provider":"parquet","options":{}},"schemaString":"{\"type\":\"struct\",\"fields\":[{\"name\":\"_corrupt_record\",\"type\":\"string\",\"nullable\":true,\"metadata\":{}},{\"name\":\"a\",\"type\":\"long\",\"nullable\":true,\"metadata\":{}},{\"name\":\"b\",\"type\":\"long\",\"nullable\":true,\"metadata\":{}}]}","partitionColumns":[],"configuration":{},"createdTime":1704475661682}}
{"protocol":{"minReaderVersion":1,"minWriterVersion":2}}
{"add":{"path":"part-00000-59ce3ab1-2933-4ac9-a41c-0ae9f6a1a82d-c000.snappy.parquet","partitionValues":{},"size":1118,"modificationTime":1704475662000,"dataChange":true,"stats":"{\"numRecords\":2,\"minValues\":{\"_corrupt_record\":\"      {\\\"a\\\": 20: \\\"b\\\": 20}\",\"a\":10,\"b\":10},\"maxValues\":{\"_corrupt_record\":\"      {\\\"a\\\": 20: \\\"b\\\": 20}\",\"a\":10,\"b\":10},\"nullCount\":{\"_corrupt_record\":1,\"a\":1,\"b\":1}}"}}
