{"commitInfo":{"timestamp":1704475677955,"operation":"WRITE","operationParameters":{"mode":"ErrorIfExists","partitionBy":"[]"},"isolationLevel":"Serializable","isBlindAppend":true,"operationMetrics":{"numFiles":"1","numOutputRows":"1","numOutputBytes":"875"},"engineInfo":"Apache-Spark/3.5.0 Delta-Lake/3.1.0-SNAPSHOT","txnId":"a22c3189-25d7-48c6-bb8c-e6d47f959657"}}
{"metaData":{"id":"testId","format":{"provider":"parquet","options":{}},"schemaString":"{\"type\":\"struct\",\"fields\":[{\"name\":\"ts\",\"type\":\"timestamp\",\"nullable\":true,\"metadata\":{}},{\"name\":\"nested\",\"type\":{\"type\":\"struct\",\"fields\":[{\"name\":\"ts\",\"type\":\"timestamp\",\"nullable\":true,\"metadata\":{}}]},\"nullable\":true,\"metadata\":{}}]}","partitionColumns":[],"configuration":{},"createdTime":1704475677623}}
{"protocol":{"minReaderVersion":1,"minWriterVersion":2}}
{"add":{"path":"part-00000-9ea44adf-0225-4ba7-b68b-a19966a37432-c000.snappy.parquet","partitionValues":{},"size":875,"modificationTime":1704475677000,"dataChange":true,"stats":"{\"numRecords\":1,\"minValues\":{\"ts\":\"2019-09-09T01:02:03.456-07:00\",\"nested\":{\"ts\":\"2019-09-09T01:02:03.456-07:00\"}},\"maxValues\":{\"ts\":\"2019-09-09T01:02:03.456-07:00\",\"nested\":{\"ts\":\"2019-09-09T01:02:03.456-07:00\"}},\"nullCount\":{\"ts\":0,\"nested\":{\"ts\":0}}}"}}
