{"commitInfo":{"timestamp":1708108025792,"operation":"WRITE","operationParameters":{"mode":"Append","partitionBy":"[]"},"isolationLevel":"Serializable","isBlindAppend":true,"operationMetrics":{"numFiles":"1","numOutputRows":"200","numOutputBytes":"28420"},"engineInfo":"Apache-Spark/3.5.0 Delta-Lake/3.2.0-SNAPSHOT","txnId":"59b6eac4-ecda-4440-8268-a18cac973ba1"}}
{"metaData":{"id":"testId","format":{"provider":"parquet","options":{}},"schemaString":"{\"type\":\"struct\",\"fields\":[{\"name\":\"ByteType\",\"type\":\"byte\",\"nullable\":true,\"metadata\":{}},{\"name\":\"ShortType\",\"type\":\"short\",\"nullable\":true,\"metadata\":{}},{\"name\":\"IntegerType\",\"type\":\"integer\",\"nullable\":true,\"metadata\":{}},{\"name\":\"LongType\",\"type\":\"long\",\"nullable\":true,\"metadata\":{}},{\"name\":\"FloatType\",\"type\":\"float\",\"nullable\":true,\"metadata\":{}},{\"name\":\"DoubleType\",\"type\":\"double\",\"nullable\":true,\"metadata\":{}},{\"name\":\"decimal\",\"type\":\"decimal(10,2)\",\"nullable\":true,\"metadata\":{}},{\"name\":\"BooleanType\",\"type\":\"boolean\",\"nullable\":true,\"metadata\":{}},{\"name\":\"StringType\",\"type\":\"string\",\"nullable\":true,\"metadata\":{}},{\"name\":\"BinaryType\",\"type\":\"binary\",\"nullable\":true,\"metadata\":{}},{\"name\":\"DateType\",\"type\":\"date\",\"nullable\":true,\"metadata\":{}},{\"name\":\"TimestampType\",\"type\":\"timestamp\",\"nullable\":true,\"metadata\":{}},{\"name\":\"nested_struct\",\"type\":{\"type\":\"struct\",\"fields\":[{\"name\":\"aa\",\"type\":\"string\",\"nullable\":true,\"metadata\":{}},{\"name\":\"ac\",\"type\":{\"type\":\"struct\",\"fields\":[{\"name\":\"aca\",\"type\":\"integer\",\"nullable\":true,\"metadata\":{}}]},\"nullable\":true,\"metadata\":{}}]},\"nullable\":true,\"metadata\":{}},{\"name\":\"array_of_prims\",\"type\":{\"type\":\"array\",\"elementType\":\"integer\",\"containsNull\":true},\"nullable\":true,\"metadata\":{}},{\"name\":\"array_of_arrays\",\"type\":{\"type\":\"array\",\"elementType\":{\"type\":\"array\",\"elementType\":\"integer\",\"containsNull\":true},\"containsNull\":true},\"nullable\":true,\"metadata\":{}},{\"name\":\"array_of_structs\",\"type\":{\"type\":\"array\",\"elementType\":{\"type\":\"struct\",\"fields\":[{\"name\":\"ab\",\"type\":\"long\",\"nullable\":true,\"metadata\":{}}]},\"containsNull\":true},\"nullable\":true,\"metadata\":{}},{\"name\":\"map_of_prims\",\"type\":{\"type\":\"map\",\"keyType\":\"integer\",\"valueType\":\"long\",\"valueContainsNull\":true},\"nullable\":true,\"metadata\":{}},{\"name\":\"map_of_rows\",\"type\":{\"type\":\"map\",\"keyType\":\"integer\",\"valueType\":{\"type\":\"struct\",\"fields\":[{\"name\":\"ab\",\"type\":\"long\",\"nullable\":true,\"metadata\":{}}]},\"valueContainsNull\":true},\"nullable\":true,\"metadata\":{}},{\"name\":\"map_of_arrays\",\"type\":{\"type\":\"map\",\"keyType\":\"long\",\"valueType\":{\"type\":\"array\",\"elementType\":\"integer\",\"containsNull\":true},\"valueContainsNull\":true},\"nullable\":true,\"metadata\":{}}]}","partitionColumns":[],"configuration":{},"createdTime":1708108023726}}
{"protocol":{"minReaderVersion":1,"minWriterVersion":2}}
{"add":{"path":"part-00000-4b3cf091-231f-4d77-a657-3ba905ccae36-c000.snappy.parquet","partitionValues":{},"size":28420,"modificationTime":1708108025717,"dataChange":true,"stats":"{\"numRecords\":200,\"minValues\":{\"ByteType\":-128,\"ShortType\":1,\"IntegerType\":1,\"LongType\":2,\"FloatType\":0.234,\"DoubleType\":234234.23,\"decimal\":123.52,\"StringType\":\"1\",\"DateType\":\"1970-01-01\",\"TimestampType\":\"1970-01-01T06:30:23.523Z\",\"nested_struct\":{\"aa\":\"1\",\"ac\":{\"aca\":1}}},\"maxValues\":{\"ByteType\":127,\"ShortType\":199,\"IntegerType\":199,\"LongType\":200,\"FloatType\":46.566,\"DoubleType\":4.661261177E7,\"decimal\":24580.48,\"StringType\":\"99\",\"DateType\":\"1970-02-16\",\"TimestampType\":\"1970-02-23T22:48:01.077Z\",\"nested_struct\":{\"aa\":\"99\",\"ac\":{\"aca\":199}}},\"nullCount\":{\"ByteType\":3,\"ShortType\":4,\"IntegerType\":9,\"LongType\":8,\"FloatType\":8,\"DoubleType\":4,\"decimal\":3,\"BooleanType\":3,\"StringType\":4,\"BinaryType\":4,\"DateType\":4,\"TimestampType\":4,\"nested_struct\":{\"aa\":14,\"ac\":{\"aca\":22}},\"array_of_prims\":8,\"array_of_arrays\":25,\"array_of_structs\":0,\"map_of_prims\":8,\"map_of_rows\":0,\"map_of_arrays\":7}}"}}
