{"commitInfo":{"timestamp":1704475647226,"operation":"WRITE","operationParameters":{"mode":"ErrorIfExists","partitionBy":"[]"},"isolationLevel":"Serializable","isBlindAppend":true,"operationMetrics":{"numFiles":"1","numOutputRows":"1","numOutputBytes":"566"},"engineInfo":"Apache-Spark/3.5.0 Delta-Lake/3.1.0-SNAPSHOT","txnId":"6fde673c-7532-43f7-b712-9f5aed37fec6"}}
{"metaData":{"id":"testId","format":{"provider":"parquet","options":{}},"schemaString":"{\"type\":\"struct\",\"fields\":[{\"name\":\"a\",\"type\":{\"type\":\"struct\",\"fields\":[{\"name\":\"b\",\"type\":\"long\",\"nullable\":true,\"metadata\":{}}]},\"nullable\":true,\"metadata\":{}}]}","partitionColumns":[],"configuration":{},"createdTime":1704475646639}}
{"protocol":{"minReaderVersion":1,"minWriterVersion":2}}
{"add":{"path":"part-00000-ac092e2a-4ab6-4469-91d9-090a8d218216-c000.snappy.parquet","partitionValues":{},"size":566,"modificationTime":1704475647000,"dataChange":true,"stats":"{\"numRecords\":1,\"minValues\":{\"a\":{\"b\":1}},\"maxValues\":{\"a\":{\"b\":1}},\"nullCount\":{\"a\":{\"b\":0}}}"}}
