{"commitInfo":{"timestamp":1702012646020,"operation":"WRITE","operationParameters":{"mode":"ErrorIfExists","partitionBy":"[]"},"isolationLevel":"Serializable","isBlindAppend":true,"operationMetrics":{"numFiles":"2","numOutputRows":"6","numOutputBytes":"25618"},"engineInfo":"Apache-Spark/3.5.0 Delta-Lake/3.1.0-SNAPSHOT","txnId":"32e3a758-4b72-4769-9477-87a5f22467e2"}}
{"metaData":{"id":"testId","format":{"provider":"parquet","options":{}},"schemaString":"{\"type\":\"struct\",\"fields\":[{\"name\":\"ByteType\",\"type\":\"byte\",\"nullable\":true,\"metadata\":{\"delta.columnMapping.id\":1,\"delta.columnMapping.physicalName\":\"col-adb3ab8f-9a6d-4f44-abb3-cf411d800e5f\"}},{\"name\":\"ShortType\",\"type\":\"short\",\"nullable\":true,\"metadata\":{\"delta.columnMapping.id\":2,\"delta.columnMapping.physicalName\":\"col-ec3e1a85-7f66-42c5-9262-dd989b05f03b\"}},{\"name\":\"IntegerType\",\"type\":\"integer\",\"nullable\":true,\"metadata\":{\"delta.columnMapping.id\":3,\"delta.columnMapping.physicalName\":\"col-75dd95b6-5a7c-4b7c-811f-5a3629fce075\"}},{\"name\":\"LongType\",\"type\":\"long\",\"nullable\":true,\"metadata\":{\"delta.columnMapping.id\":4,\"delta.columnMapping.physicalName\":\"col-2a50a137-e3fb-4bd4-aeda-abe658c2098f\"}},{\"name\":\"FloatType\",\"type\":\"float\",\"nullable\":true,\"metadata\":{\"delta.columnMapping.id\":5,\"delta.columnMapping.physicalName\":\"col-904c150a-fb84-41b5-ae35-0d585ac8baf0\"}},{\"name\":\"DoubleType\",\"type\":\"double\",\"nullable\":true,\"metadata\":{\"delta.columnMapping.id\":6,\"delta.columnMapping.physicalName\":\"col-c046281d-b9e2-47e7-97b6-35e749fdd556\"}},{\"name\":\"decimal\",\"type\":\"decimal(10,2)\",\"nullable\":true,\"metadata\":{\"delta.columnMapping.id\":7,\"delta.columnMapping.physicalName\":\"col-5924e855-113d-4faa-87f1-792f0507325f\"}},{\"name\":\"BooleanType\",\"type\":\"boolean\",\"nullable\":true,\"metadata\":{\"delta.columnMapping.id\":8,\"delta.columnMapping.physicalName\":\"col-bd309edd-5bce-4deb-83b7-9c44b8a8be6b\"}},{\"name\":\"StringType\",\"type\":\"string\",\"nullable\":true,\"metadata\":{\"delta.columnMapping.id\":9,\"delta.columnMapping.physicalName\":\"col-262bd741-30de-42be-b006-a8851d182f8f\"}},{\"name\":\"BinaryType\",\"type\":\"binary\",\"nullable\":true,\"metadata\":{\"delta.columnMapping.id\":10,\"delta.columnMapping.physicalName\":\"col-b6cf0882-38bd-4923-a5a2-89e0806ef091\"}},{\"name\":\"DateType\",\"type\":\"date\",\"nullable\":true,\"metadata\":{\"delta.columnMapping.id\":11,\"delta.columnMapping.physicalName\":\"col-a55ca4de-bf06-4976-9ee5-90384a9813ab\"}},{\"name\":\"TimestampType\",\"type\":\"timestamp\",\"nullable\":true,\"metadata\":{\"delta.columnMapping.id\":12,\"delta.columnMapping.physicalName\":\"col-f29ec8fb-9484-4812-a396-0b2fd1912807\"}},{\"name\":\"nested_struct\",\"type\":{\"type\":\"struct\",\"fields\":[{\"name\":\"aa\",\"type\":\"string\",\"nullable\":true,\"metadata\":{\"delta.columnMapping.id\":14,\"delta.columnMapping.physicalName\":\"col-90dee9a2-cdfc-4ea5-aebd-5cc4a125df4d\"}},{\"name\":\"ac\",\"type\":{\"type\":\"struct\",\"fields\":[{\"name\":\"aca\",\"type\":\"integer\",\"nullable\":true,\"metadata\":{\"delta.columnMapping.id\":16,\"delta.columnMapping.physicalName\":\"col-c091fdeb-7cca-4849-912d-5f77fa400933\"}}]},\"nullable\":true,\"metadata\":{\"delta.columnMapping.id\":15,\"delta.columnMapping.physicalName\":\"col-6551e960-1c32-4bf2-bd5b-1f57180d25f7\"}}]},\"nullable\":true,\"metadata\":{\"delta.columnMapping.id\":13,\"delta.columnMapping.physicalName\":\"col-ab01c262-302d-4162-be9c-98d905966527\"}},{\"name\":\"array_of_prims\",\"type\":{\"type\":\"array\",\"elementType\":\"integer\",\"containsNull\":true},\"nullable\":true,\"metadata\":{\"delta.columnMapping.id\":17,\"delta.columnMapping.physicalName\":\"col-fe7b1751-67c1-489e-a3e8-ffe07ac8980a\"}},{\"name\":\"array_of_arrays\",\"type\":{\"type\":\"array\",\"elementType\":{\"type\":\"array\",\"elementType\":\"integer\",\"containsNull\":true},\"containsNull\":true},\"nullable\":true,\"metadata\":{\"delta.columnMapping.id\":18,\"delta.columnMapping.physicalName\":\"col-9546efbd-d55a-4a3b-bba0-9d1fa8c1de9d\"}},{\"name\":\"array_of_structs\",\"type\":{\"type\":\"array\",\"elementType\":{\"type\":\"struct\",\"fields\":[{\"name\":\"ab\",\"type\":\"long\",\"nullable\":true,\"metadata\":{\"delta.columnMapping.id\":20,\"delta.columnMapping.physicalName\":\"col-e983d1fc-d588-46a7-a0ad-2f63a6834ea6\"}}]},\"containsNull\":true},\"nullable\":true,\"metadata\":{\"delta.columnMapping.id\":19,\"delta.columnMapping.physicalName\":\"col-b89fd303-7352-4044-842e-87f428ee80be\"}},{\"name\":\"map_of_prims\",\"type\":{\"type\":\"map\",\"keyType\":\"integer\",\"valueType\":\"long\",\"valueContainsNull\":true},\"nullable\":true,\"metadata\":{\"delta.columnMapping.id\":21,\"delta.columnMapping.physicalName\":\"col-756fb85d-7e08-4bcf-83b6-08aacfab2700\"}},{\"name\":\"map_of_rows\",\"type\":{\"type\":\"map\",\"keyType\":\"integer\",\"valueType\":{\"type\":\"struct\",\"fields\":[{\"name\":\"ab\",\"type\":\"long\",\"nullable\":true,\"metadata\":{\"delta.columnMapping.id\":23,\"delta.columnMapping.physicalName\":\"col-43f9ca1b-82fe-4ad7-9e5a-1af143d2abf4\"}}]},\"valueContainsNull\":true},\"nullable\":true,\"metadata\":{\"delta.columnMapping.id\":22,\"delta.columnMapping.physicalName\":\"col-43b81fe9-ba74-40a8-8f0b-f27aaf2c2f5b\"}},{\"name\":\"map_of_arrays\",\"type\":{\"type\":\"map\",\"keyType\":\"long\",\"valueType\":{\"type\":\"array\",\"elementType\":\"integer\",\"containsNull\":true},\"valueContainsNull\":true},\"nullable\":true,\"metadata\":{\"delta.columnMapping.id\":24,\"delta.columnMapping.physicalName\":\"col-8e355345-4edb-45f5-8f44-7d7620bba897\"}}]}","partitionColumns":[],"configuration":{"delta.columnMapping.mode":"id","delta.columnMapping.maxColumnId":"24"},"createdTime":1702012643983}}
{"protocol":{"minReaderVersion":2,"minWriterVersion":5}}
{"add":{"path":"part-00000-2b205856-2894-41c0-a615-fa55b38cfe0c-c000.snappy.parquet","partitionValues":{},"size":12735,"modificationTime":1702012645947,"dataChange":true,"stats":"{\"numRecords\":2,\"minValues\":{\"col-adb3ab8f-9a6d-4f44-abb3-cf411d800e5f\":1,\"col-ec3e1a85-7f66-42c5-9262-dd989b05f03b\":1,\"col-75dd95b6-5a7c-4b7c-811f-5a3629fce075\":1,\"col-2a50a137-e3fb-4bd4-aeda-abe658c2098f\":1,\"col-904c150a-fb84-41b5-ae35-0d585ac8baf0\":1.0,\"col-c046281d-b9e2-47e7-97b6-35e749fdd556\":1.0,\"col-5924e855-113d-4faa-87f1-792f0507325f\":1.00,\"col-262bd741-30de-42be-b006-a8851d182f8f\":\"1\",\"col-a55ca4de-bf06-4976-9ee5-90384a9813ab\":\"2021-11-18\",\"col-f29ec8fb-9484-4812-a396-0b2fd1912807\":\"1970-01-01T00:00:00.001Z\",\"col-ab01c262-302d-4162-be9c-98d905966527\":{\"col-90dee9a2-cdfc-4ea5-aebd-5cc4a125df4d\":\"1\",\"col-6551e960-1c32-4bf2-bd5b-1f57180d25f7\":{\"col-c091fdeb-7cca-4849-912d-5f77fa400933\":1}}},\"maxValues\":{\"col-adb3ab8f-9a6d-4f44-abb3-cf411d800e5f\":3,\"col-ec3e1a85-7f66-42c5-9262-dd989b05f03b\":3,\"col-75dd95b6-5a7c-4b7c-811f-5a3629fce075\":3,\"col-2a50a137-e3fb-4bd4-aeda-abe658c2098f\":3,\"col-904c150a-fb84-41b5-ae35-0d585ac8baf0\":3.0,\"col-c046281d-b9e2-47e7-97b6-35e749fdd556\":3.0,\"col-5924e855-113d-4faa-87f1-792f0507325f\":3.00,\"col-262bd741-30de-42be-b006-a8851d182f8f\":\"3\",\"col-a55ca4de-bf06-4976-9ee5-90384a9813ab\":\"2021-11-18\",\"col-f29ec8fb-9484-4812-a396-0b2fd1912807\":\"1970-01-01T00:00:00.003Z\",\"col-ab01c262-302d-4162-be9c-98d905966527\":{\"col-90dee9a2-cdfc-4ea5-aebd-5cc4a125df4d\":\"3\",\"col-6551e960-1c32-4bf2-bd5b-1f57180d25f7\":{\"col-c091fdeb-7cca-4849-912d-5f77fa400933\":3}}},\"nullCount\":{\"col-adb3ab8f-9a6d-4f44-abb3-cf411d800e5f\":0,\"col-ec3e1a85-7f66-42c5-9262-dd989b05f03b\":0,\"col-75dd95b6-5a7c-4b7c-811f-5a3629fce075\":0,\"col-2a50a137-e3fb-4bd4-aeda-abe658c2098f\":0,\"col-904c150a-fb84-41b5-ae35-0d585ac8baf0\":0,\"col-c046281d-b9e2-47e7-97b6-35e749fdd556\":0,\"col-5924e855-113d-4faa-87f1-792f0507325f\":0,\"col-bd309edd-5bce-4deb-83b7-9c44b8a8be6b\":0,\"col-262bd741-30de-42be-b006-a8851d182f8f\":0,\"col-b6cf0882-38bd-4923-a5a2-89e0806ef091\":0,\"col-a55ca4de-bf06-4976-9ee5-90384a9813ab\":0,\"col-f29ec8fb-9484-4812-a396-0b2fd1912807\":0,\"col-ab01c262-302d-4162-be9c-98d905966527\":{\"col-90dee9a2-cdfc-4ea5-aebd-5cc4a125df4d\":0,\"col-6551e960-1c32-4bf2-bd5b-1f57180d25f7\":{\"col-c091fdeb-7cca-4849-912d-5f77fa400933\":0}},\"col-fe7b1751-67c1-489e-a3e8-ffe07ac8980a\":0,\"col-9546efbd-d55a-4a3b-bba0-9d1fa8c1de9d\":0,\"col-b89fd303-7352-4044-842e-87f428ee80be\":0,\"col-756fb85d-7e08-4bcf-83b6-08aacfab2700\":0,\"col-43b81fe9-ba74-40a8-8f0b-f27aaf2c2f5b\":0,\"col-8e355345-4edb-45f5-8f44-7d7620bba897\":0}}"}}
{"add":{"path":"part-00001-fabc17cc-8fa8-4b3f-8344-54d29539a7bd-c000.snappy.parquet","partitionValues":{},"size":12883,"modificationTime":1702012645947,"dataChange":true,"stats":"{\"numRecords\":4,\"minValues\":{\"col-adb3ab8f-9a6d-4f44-abb3-cf411d800e5f\":0,\"col-ec3e1a85-7f66-42c5-9262-dd989b05f03b\":0,\"col-75dd95b6-5a7c-4b7c-811f-5a3629fce075\":0,\"col-2a50a137-e3fb-4bd4-aeda-abe658c2098f\":0,\"col-904c150a-fb84-41b5-ae35-0d585ac8baf0\":0.0,\"col-c046281d-b9e2-47e7-97b6-35e749fdd556\":0.0,\"col-5924e855-113d-4faa-87f1-792f0507325f\":0.00,\"col-262bd741-30de-42be-b006-a8851d182f8f\":\"0\",\"col-a55ca4de-bf06-4976-9ee5-90384a9813ab\":\"2021-11-18\",\"col-f29ec8fb-9484-4812-a396-0b2fd1912807\":\"1970-01-01T00:00:00.000Z\",\"col-ab01c262-302d-4162-be9c-98d905966527\":{\"col-90dee9a2-cdfc-4ea5-aebd-5cc4a125df4d\":\"0\",\"col-6551e960-1c32-4bf2-bd5b-1f57180d25f7\":{\"col-c091fdeb-7cca-4849-912d-5f77fa400933\":0}}},\"maxValues\":{\"col-adb3ab8f-9a6d-4f44-abb3-cf411d800e5f\":4,\"col-ec3e1a85-7f66-42c5-9262-dd989b05f03b\":4,\"col-75dd95b6-5a7c-4b7c-811f-5a3629fce075\":4,\"col-2a50a137-e3fb-4bd4-aeda-abe658c2098f\":4,\"col-904c150a-fb84-41b5-ae35-0d585ac8baf0\":4.0,\"col-c046281d-b9e2-47e7-97b6-35e749fdd556\":4.0,\"col-5924e855-113d-4faa-87f1-792f0507325f\":4.00,\"col-262bd741-30de-42be-b006-a8851d182f8f\":\"4\",\"col-a55ca4de-bf06-4976-9ee5-90384a9813ab\":\"2021-11-18\",\"col-f29ec8fb-9484-4812-a396-0b2fd1912807\":\"1970-01-01T00:00:00.004Z\",\"col-ab01c262-302d-4162-be9c-98d905966527\":{\"col-90dee9a2-cdfc-4ea5-aebd-5cc4a125df4d\":\"4\",\"col-6551e960-1c32-4bf2-bd5b-1f57180d25f7\":{\"col-c091fdeb-7cca-4849-912d-5f77fa400933\":4}}},\"nullCount\":{\"col-adb3ab8f-9a6d-4f44-abb3-cf411d800e5f\":1,\"col-ec3e1a85-7f66-42c5-9262-dd989b05f03b\":1,\"col-75dd95b6-5a7c-4b7c-811f-5a3629fce075\":1,\"col-2a50a137-e3fb-4bd4-aeda-abe658c2098f\":1,\"col-904c150a-fb84-41b5-ae35-0d585ac8baf0\":1,\"col-c046281d-b9e2-47e7-97b6-35e749fdd556\":1,\"col-5924e855-113d-4faa-87f1-792f0507325f\":1,\"col-bd309edd-5bce-4deb-83b7-9c44b8a8be6b\":1,\"col-262bd741-30de-42be-b006-a8851d182f8f\":1,\"col-b6cf0882-38bd-4923-a5a2-89e0806ef091\":1,\"col-a55ca4de-bf06-4976-9ee5-90384a9813ab\":1,\"col-f29ec8fb-9484-4812-a396-0b2fd1912807\":1,\"col-ab01c262-302d-4162-be9c-98d905966527\":{\"col-90dee9a2-cdfc-4ea5-aebd-5cc4a125df4d\":1,\"col-6551e960-1c32-4bf2-bd5b-1f57180d25f7\":{\"col-c091fdeb-7cca-4849-912d-5f77fa400933\":1}},\"col-fe7b1751-67c1-489e-a3e8-ffe07ac8980a\":1,\"col-9546efbd-d55a-4a3b-bba0-9d1fa8c1de9d\":1,\"col-b89fd303-7352-4044-842e-87f428ee80be\":1,\"col-756fb85d-7e08-4bcf-83b6-08aacfab2700\":1,\"col-43b81fe9-ba74-40a8-8f0b-f27aaf2c2f5b\":1,\"col-8e355345-4edb-45f5-8f44-7d7620bba897\":1}}"}}
