{"commitInfo":{"timestamp":1,"operation":"Manual Update","operationParameters":{},"isBlindAppend":true}}
{"protocol":{"minReaderVersion":1,"minWriterVersion":2}}
{"metaData":{"id":"5756e7b1-4b09-4c4e-a3b8-da3c214613d0","format":{"provider":"parquet","options":{}},"partitionColumns":[],"configuration":{},"createdTime":1603723979876}}
{"add":{"path":"/path/to/addfile-0.parquet","partitionValues":{},"size":1,"modificationTime":1,"dataChange":true}}
{"add":{"path":"/path/to/addfile-2.parquet","partitionValues":{},"size":1,"modificationTime":1,"dataChange":true}}
{"add":{"path":"/path/to/addfile-3.parquet","partitionValues":{},"size":1,"modificationTime":1,"dataChange":true}}
{"add":{"path":"/path/to/addfile-4.parquet","partitionValues":{},"size":1,"modificationTime":1,"dataChange":true}}
