{"commitInfo":{"timestamp":3,"operation":"Manual Update","operationParameters":{},"isBlindAppend":true}}
