{"commitInfo":{"timestamp":1702012590184,"operation":"WRITE","operationParameters":{"mode":"ErrorIfExists","partitionBy":"[]"},"isolationLevel":"Serializable","isBlindAppend":true,"operationMetrics":{"numFiles":"2","numOutputRows":"6","numOutputBytes":"25618"},"engineInfo":"Apache-Spark/3.5.0 Delta-Lake/3.1.0-SNAPSHOT","txnId":"6b4587ba-4f81-4ba9-9f72-76c644795e30"}}
{"metaData":{"id":"testId","format":{"provider":"parquet","options":{}},"schemaString":"{\"type\":\"struct\",\"fields\":[{\"name\":\"ByteType\",\"type\":\"byte\",\"nullable\":true,\"metadata\":{\"delta.columnMapping.id\":1,\"delta.columnMapping.physicalName\":\"col-363f6bf7-76d9-42ca-9a0b-ad043e4776db\"}},{\"name\":\"ShortType\",\"type\":\"short\",\"nullable\":true,\"metadata\":{\"delta.columnMapping.id\":2,\"delta.columnMapping.physicalName\":\"col-f7f9297e-cbe0-4803-910e-26624cf1e061\"}},{\"name\":\"IntegerType\",\"type\":\"integer\",\"nullable\":true,\"metadata\":{\"delta.columnMapping.id\":3,\"delta.columnMapping.physicalName\":\"col-95b3e7db-39a2-434c-8694-37bd0b9b0c19\"}},{\"name\":\"LongType\",\"type\":\"long\",\"nullable\":true,\"metadata\":{\"delta.columnMapping.id\":4,\"delta.columnMapping.physicalName\":\"col-d378faa6-75c4-4548-99b3-37da6e514f77\"}},{\"name\":\"FloatType\",\"type\":\"float\",\"nullable\":true,\"metadata\":{\"delta.columnMapping.id\":5,\"delta.columnMapping.physicalName\":\"col-1edc2784-c10e-406b-ab0b-6e996611a5fc\"}},{\"name\":\"DoubleType\",\"type\":\"double\",\"nullable\":true,\"metadata\":{\"delta.columnMapping.id\":6,\"delta.columnMapping.physicalName\":\"col-f5d54d2a-fde3-494c-8890-cd2f7ae008cb\"}},{\"name\":\"decimal\",\"type\":\"decimal(10,2)\",\"nullable\":true,\"metadata\":{\"delta.columnMapping.id\":7,\"delta.columnMapping.physicalName\":\"col-fe8ada24-f4e7-47c0-8b04-8207c427b232\"}},{\"name\":\"BooleanType\",\"type\":\"boolean\",\"nullable\":true,\"metadata\":{\"delta.columnMapping.id\":8,\"delta.columnMapping.physicalName\":\"col-ab7a3af3-6d05-47db-85b3-2e915096a3bb\"}},{\"name\":\"StringType\",\"type\":\"string\",\"nullable\":true,\"metadata\":{\"delta.columnMapping.id\":9,\"delta.columnMapping.physicalName\":\"col-fbab43a1-ee91-4cdb-a3ac-37463a3726cc\"}},{\"name\":\"BinaryType\",\"type\":\"binary\",\"nullable\":true,\"metadata\":{\"delta.columnMapping.id\":10,\"delta.columnMapping.physicalName\":\"col-16e0e4b9-7d78-4ace-b794-ac9259528b00\"}},{\"name\":\"DateType\",\"type\":\"date\",\"nullable\":true,\"metadata\":{\"delta.columnMapping.id\":11,\"delta.columnMapping.physicalName\":\"col-12df0edd-c2ae-41ee-8158-4f061c85750a\"}},{\"name\":\"TimestampType\",\"type\":\"timestamp\",\"nullable\":true,\"metadata\":{\"delta.columnMapping.id\":12,\"delta.columnMapping.physicalName\":\"col-0b5309e1-aa86-4b87-8518-140cde5402c9\"}},{\"name\":\"nested_struct\",\"type\":{\"type\":\"struct\",\"fields\":[{\"name\":\"aa\",\"type\":\"string\",\"nullable\":true,\"metadata\":{\"delta.columnMapping.id\":14,\"delta.columnMapping.physicalName\":\"col-b70f7585-aae4-4c91-befe-d4b958dc4b38\"}},{\"name\":\"ac\",\"type\":{\"type\":\"struct\",\"fields\":[{\"name\":\"aca\",\"type\":\"integer\",\"nullable\":true,\"metadata\":{\"delta.columnMapping.id\":16,\"delta.columnMapping.physicalName\":\"col-47272f8f-d4ab-45e7-a6b8-09a5684bcd0b\"}}]},\"nullable\":true,\"metadata\":{\"delta.columnMapping.id\":15,\"delta.columnMapping.physicalName\":\"col-eaa68779-506e-4105-96f2-5ffa36e49460\"}}]},\"nullable\":true,\"metadata\":{\"delta.columnMapping.id\":13,\"delta.columnMapping.physicalName\":\"col-bd5b1c73-a03c-4003-9f20-87824bdc7bdf\"}},{\"name\":\"array_of_prims\",\"type\":{\"type\":\"array\",\"elementType\":\"integer\",\"containsNull\":true},\"nullable\":true,\"metadata\":{\"delta.columnMapping.id\":17,\"delta.columnMapping.physicalName\":\"col-5b541ad9-2c28-4744-8bc6-be861b37434f\"}},{\"name\":\"array_of_arrays\",\"type\":{\"type\":\"array\",\"elementType\":{\"type\":\"array\",\"elementType\":\"integer\",\"containsNull\":true},\"containsNull\":true},\"nullable\":true,\"metadata\":{\"delta.columnMapping.id\":18,\"delta.columnMapping.physicalName\":\"col-eae73db8-dd2b-45ac-9c4e-8f6855ea6580\"}},{\"name\":\"array_of_structs\",\"type\":{\"type\":\"array\",\"elementType\":{\"type\":\"struct\",\"fields\":[{\"name\":\"ab\",\"type\":\"long\",\"nullable\":true,\"metadata\":{\"delta.columnMapping.id\":20,\"delta.columnMapping.physicalName\":\"col-235bb486-5ca5-47bb-84cb-c2dd859e425a\"}}]},\"containsNull\":true},\"nullable\":true,\"metadata\":{\"delta.columnMapping.id\":19,\"delta.columnMapping.physicalName\":\"col-5fe9016c-e5da-4157-81db-a34f864f1ef3\"}},{\"name\":\"map_of_prims\",\"type\":{\"type\":\"map\",\"keyType\":\"integer\",\"valueType\":\"long\",\"valueContainsNull\":true},\"nullable\":true,\"metadata\":{\"delta.columnMapping.id\":21,\"delta.columnMapping.physicalName\":\"col-d9d1d734-e582-4989-a2f7-8f2d22fe2459\"}},{\"name\":\"map_of_rows\",\"type\":{\"type\":\"map\",\"keyType\":\"integer\",\"valueType\":{\"type\":\"struct\",\"fields\":[{\"name\":\"ab\",\"type\":\"long\",\"nullable\":true,\"metadata\":{\"delta.columnMapping.id\":23,\"delta.columnMapping.physicalName\":\"col-55f66bad-f3b9-49a5-83f2-a0ac99d084a7\"}}]},\"valueContainsNull\":true},\"nullable\":true,\"metadata\":{\"delta.columnMapping.id\":22,\"delta.columnMapping.physicalName\":\"col-4763a878-a2b0-4b76-8bf0-f38319c0e3ce\"}},{\"name\":\"map_of_arrays\",\"type\":{\"type\":\"map\",\"keyType\":\"long\",\"valueType\":{\"type\":\"array\",\"elementType\":\"integer\",\"containsNull\":true},\"valueContainsNull\":true},\"nullable\":true,\"metadata\":{\"delta.columnMapping.id\":24,\"delta.columnMapping.physicalName\":\"col-96725f3b-6352-49b5-9e58-3faf96bb75ba\"}}]}","partitionColumns":[],"configuration":{"delta.columnMapping.mode":"name","delta.columnMapping.maxColumnId":"24"},"createdTime":1702012588135}}
{"protocol":{"minReaderVersion":2,"minWriterVersion":5}}
{"add":{"path":"part-00000-34ddd224-0694-4223-bcef-84e0ec6c07fa-c000.snappy.parquet","partitionValues":{},"size":12735,"modificationTime":1702012590111,"dataChange":true,"stats":"{\"numRecords\":2,\"minValues\":{\"col-363f6bf7-76d9-42ca-9a0b-ad043e4776db\":1,\"col-f7f9297e-cbe0-4803-910e-26624cf1e061\":1,\"col-95b3e7db-39a2-434c-8694-37bd0b9b0c19\":1,\"col-d378faa6-75c4-4548-99b3-37da6e514f77\":1,\"col-1edc2784-c10e-406b-ab0b-6e996611a5fc\":1.0,\"col-f5d54d2a-fde3-494c-8890-cd2f7ae008cb\":1.0,\"col-fe8ada24-f4e7-47c0-8b04-8207c427b232\":1.00,\"col-fbab43a1-ee91-4cdb-a3ac-37463a3726cc\":\"1\",\"col-12df0edd-c2ae-41ee-8158-4f061c85750a\":\"2021-11-18\",\"col-0b5309e1-aa86-4b87-8518-140cde5402c9\":\"1970-01-01T00:00:00.001Z\",\"col-bd5b1c73-a03c-4003-9f20-87824bdc7bdf\":{\"col-b70f7585-aae4-4c91-befe-d4b958dc4b38\":\"1\",\"col-eaa68779-506e-4105-96f2-5ffa36e49460\":{\"col-47272f8f-d4ab-45e7-a6b8-09a5684bcd0b\":1}}},\"maxValues\":{\"col-363f6bf7-76d9-42ca-9a0b-ad043e4776db\":3,\"col-f7f9297e-cbe0-4803-910e-26624cf1e061\":3,\"col-95b3e7db-39a2-434c-8694-37bd0b9b0c19\":3,\"col-d378faa6-75c4-4548-99b3-37da6e514f77\":3,\"col-1edc2784-c10e-406b-ab0b-6e996611a5fc\":3.0,\"col-f5d54d2a-fde3-494c-8890-cd2f7ae008cb\":3.0,\"col-fe8ada24-f4e7-47c0-8b04-8207c427b232\":3.00,\"col-fbab43a1-ee91-4cdb-a3ac-37463a3726cc\":\"3\",\"col-12df0edd-c2ae-41ee-8158-4f061c85750a\":\"2021-11-18\",\"col-0b5309e1-aa86-4b87-8518-140cde5402c9\":\"1970-01-01T00:00:00.003Z\",\"col-bd5b1c73-a03c-4003-9f20-87824bdc7bdf\":{\"col-b70f7585-aae4-4c91-befe-d4b958dc4b38\":\"3\",\"col-eaa68779-506e-4105-96f2-5ffa36e49460\":{\"col-47272f8f-d4ab-45e7-a6b8-09a5684bcd0b\":3}}},\"nullCount\":{\"col-363f6bf7-76d9-42ca-9a0b-ad043e4776db\":0,\"col-f7f9297e-cbe0-4803-910e-26624cf1e061\":0,\"col-95b3e7db-39a2-434c-8694-37bd0b9b0c19\":0,\"col-d378faa6-75c4-4548-99b3-37da6e514f77\":0,\"col-1edc2784-c10e-406b-ab0b-6e996611a5fc\":0,\"col-f5d54d2a-fde3-494c-8890-cd2f7ae008cb\":0,\"col-fe8ada24-f4e7-47c0-8b04-8207c427b232\":0,\"col-ab7a3af3-6d05-47db-85b3-2e915096a3bb\":0,\"col-fbab43a1-ee91-4cdb-a3ac-37463a3726cc\":0,\"col-16e0e4b9-7d78-4ace-b794-ac9259528b00\":0,\"col-12df0edd-c2ae-41ee-8158-4f061c85750a\":0,\"col-0b5309e1-aa86-4b87-8518-140cde5402c9\":0,\"col-bd5b1c73-a03c-4003-9f20-87824bdc7bdf\":{\"col-b70f7585-aae4-4c91-befe-d4b958dc4b38\":0,\"col-eaa68779-506e-4105-96f2-5ffa36e49460\":{\"col-47272f8f-d4ab-45e7-a6b8-09a5684bcd0b\":0}},\"col-5b541ad9-2c28-4744-8bc6-be861b37434f\":0,\"col-eae73db8-dd2b-45ac-9c4e-8f6855ea6580\":0,\"col-5fe9016c-e5da-4157-81db-a34f864f1ef3\":0,\"col-d9d1d734-e582-4989-a2f7-8f2d22fe2459\":0,\"col-4763a878-a2b0-4b76-8bf0-f38319c0e3ce\":0,\"col-96725f3b-6352-49b5-9e58-3faf96bb75ba\":0}}"}}
{"add":{"path":"part-00001-e7f5a77d-7f31-484d-8575-95763b238a98-c000.snappy.parquet","partitionValues":{},"size":12883,"modificationTime":1702012590111,"dataChange":true,"stats":"{\"numRecords\":4,\"minValues\":{\"col-363f6bf7-76d9-42ca-9a0b-ad043e4776db\":0,\"col-f7f9297e-cbe0-4803-910e-26624cf1e061\":0,\"col-95b3e7db-39a2-434c-8694-37bd0b9b0c19\":0,\"col-d378faa6-75c4-4548-99b3-37da6e514f77\":0,\"col-1edc2784-c10e-406b-ab0b-6e996611a5fc\":0.0,\"col-f5d54d2a-fde3-494c-8890-cd2f7ae008cb\":0.0,\"col-fe8ada24-f4e7-47c0-8b04-8207c427b232\":0.00,\"col-fbab43a1-ee91-4cdb-a3ac-37463a3726cc\":\"0\",\"col-12df0edd-c2ae-41ee-8158-4f061c85750a\":\"2021-11-18\",\"col-0b5309e1-aa86-4b87-8518-140cde5402c9\":\"1970-01-01T00:00:00.000Z\",\"col-bd5b1c73-a03c-4003-9f20-87824bdc7bdf\":{\"col-b70f7585-aae4-4c91-befe-d4b958dc4b38\":\"0\",\"col-eaa68779-506e-4105-96f2-5ffa36e49460\":{\"col-47272f8f-d4ab-45e7-a6b8-09a5684bcd0b\":0}}},\"maxValues\":{\"col-363f6bf7-76d9-42ca-9a0b-ad043e4776db\":4,\"col-f7f9297e-cbe0-4803-910e-26624cf1e061\":4,\"col-95b3e7db-39a2-434c-8694-37bd0b9b0c19\":4,\"col-d378faa6-75c4-4548-99b3-37da6e514f77\":4,\"col-1edc2784-c10e-406b-ab0b-6e996611a5fc\":4.0,\"col-f5d54d2a-fde3-494c-8890-cd2f7ae008cb\":4.0,\"col-fe8ada24-f4e7-47c0-8b04-8207c427b232\":4.00,\"col-fbab43a1-ee91-4cdb-a3ac-37463a3726cc\":\"4\",\"col-12df0edd-c2ae-41ee-8158-4f061c85750a\":\"2021-11-18\",\"col-0b5309e1-aa86-4b87-8518-140cde5402c9\":\"1970-01-01T00:00:00.004Z\",\"col-bd5b1c73-a03c-4003-9f20-87824bdc7bdf\":{\"col-b70f7585-aae4-4c91-befe-d4b958dc4b38\":\"4\",\"col-eaa68779-506e-4105-96f2-5ffa36e49460\":{\"col-47272f8f-d4ab-45e7-a6b8-09a5684bcd0b\":4}}},\"nullCount\":{\"col-363f6bf7-76d9-42ca-9a0b-ad043e4776db\":1,\"col-f7f9297e-cbe0-4803-910e-26624cf1e061\":1,\"col-95b3e7db-39a2-434c-8694-37bd0b9b0c19\":1,\"col-d378faa6-75c4-4548-99b3-37da6e514f77\":1,\"col-1edc2784-c10e-406b-ab0b-6e996611a5fc\":1,\"col-f5d54d2a-fde3-494c-8890-cd2f7ae008cb\":1,\"col-fe8ada24-f4e7-47c0-8b04-8207c427b232\":1,\"col-ab7a3af3-6d05-47db-85b3-2e915096a3bb\":1,\"col-fbab43a1-ee91-4cdb-a3ac-37463a3726cc\":1,\"col-16e0e4b9-7d78-4ace-b794-ac9259528b00\":1,\"col-12df0edd-c2ae-41ee-8158-4f061c85750a\":1,\"col-0b5309e1-aa86-4b87-8518-140cde5402c9\":1,\"col-bd5b1c73-a03c-4003-9f20-87824bdc7bdf\":{\"col-b70f7585-aae4-4c91-befe-d4b958dc4b38\":1,\"col-eaa68779-506e-4105-96f2-5ffa36e49460\":{\"col-47272f8f-d4ab-45e7-a6b8-09a5684bcd0b\":1}},\"col-5b541ad9-2c28-4744-8bc6-be861b37434f\":1,\"col-eae73db8-dd2b-45ac-9c4e-8f6855ea6580\":1,\"col-5fe9016c-e5da-4157-81db-a34f864f1ef3\":1,\"col-d9d1d734-e582-4989-a2f7-8f2d22fe2459\":1,\"col-4763a878-a2b0-4b76-8bf0-f38319c0e3ce\":1,\"col-96725f3b-6352-49b5-9e58-3faf96bb75ba\":1}}"}}
