{"commitInfo":{"timestamp":1704475682119,"operation":"WRITE","operationParameters":{"mode":"Append","partitionBy":"[]"},"readVersion":0,"isolationLevel":"Serializable","isBlindAppend":true,"operationMetrics":{"numFiles":"2","numOutputRows":"2","numOutputBytes":"4575"},"engineInfo":"Apache-Spark/3.5.0 Delta-Lake/3.1.0-SNAPSHOT","txnId":"94ca398c-0756-4152-b13e-d022a91df4f1"}}
{"add":{"path":"part-00000-e522f050-1e6c-4b16-9dac-8f0dfa93f1f9-c000.snappy.parquet","partitionValues":{},"size":2287,"modificationTime":1704475682000,"dataChange":true,"stats":"{\"numRecords\":1,\"minValues\":{\"c1\":1,\"c2\":\"1\",\"c3\":1.0,\"c4\":1.0,\"c5\":\"2001-01-01T01:00:00.000-08:00\",\"c6\":\"2001-01-01\",\"c9\":1.00},\"maxValues\":{\"c1\":1,\"c2\":\"1\",\"c3\":1.0,\"c4\":1.0,\"c5\":\"2001-01-01T01:00:00.000-08:00\",\"c6\":\"2001-01-01\",\"c9\":1.00},\"nullCount\":{\"c1\":0,\"c2\":0,\"c3\":0,\"c4\":0,\"c5\":0,\"c6\":0,\"c9\":0}}"}}
{"add":{"path":"part-00001-3005fb22-6fcc-46a9-b9c1-71eb98610511-c000.snappy.parquet","partitionValues":{},"size":2288,"modificationTime":1704475682000,"dataChange":true,"stats":"{\"numRecords\":1,\"minValues\":{\"c1\":2,\"c2\":\"2\",\"c3\":2.0,\"c4\":2.0,\"c5\":\"2002-02-02T02:00:00.000-08:00\",\"c6\":\"2002-02-02\",\"c9\":2.00},\"maxValues\":{\"c1\":2,\"c2\":\"2\",\"c3\":2.0,\"c4\":2.0,\"c5\":\"2002-02-02T02:00:00.000-08:00\",\"c6\":\"2002-02-02\",\"c9\":2.00},\"nullCount\":{\"c1\":0,\"c2\":0,\"c3\":0,\"c4\":0,\"c5\":0,\"c6\":0,\"c9\":0}}"}}
