{"commitInfo":{"timestamp":1704475705427,"operation":"WRITE","operationParameters":{"mode":"Append","partitionBy":"[]"},"isolationLevel":"Serializable","isBlindAppend":true,"operationMetrics":{"numFiles":"2","numOutputRows":"1","numOutputBytes":"7974"},"engineInfo":"Apache-Spark/3.5.0 Delta-Lake/3.1.0-SNAPSHOT","txnId":"c1dc62d7-bdeb-403c-a640-0b54cac23bf7"}}
{"metaData":{"id":"testId","format":{"provider":"parquet","options":{}},"schemaString":"{\"type\":\"struct\",\"fields\":[{\"name\":\"as_int\",\"type\":\"integer\",\"nullable\":true,\"metadata\":{\"delta.columnMapping.id\":1,\"delta.columnMapping.physicalName\":\"col-5127245e-27ef-413e-bc33-338fe96712e1\"}},{\"name\":\"as_long\",\"type\":\"long\",\"nullable\":true,\"metadata\":{\"delta.columnMapping.id\":2,\"delta.columnMapping.physicalName\":\"col-c7272571-166d-4aa8-b1ac-cd53dd52ef23\"}},{\"name\":\"as_byte\",\"type\":\"byte\",\"nullable\":true,\"metadata\":{\"delta.columnMapping.id\":3,\"delta.columnMapping.physicalName\":\"col-baa9bc9e-3bcd-47b4-a19a-a98e56d253df\"}},{\"name\":\"as_short\",\"type\":\"short\",\"nullable\":true,\"metadata\":{\"delta.columnMapping.id\":4,\"delta.columnMapping.physicalName\":\"col-508317b2-3f11-4abd-abf1-5d5ef0c10784\"}},{\"name\":\"as_float\",\"type\":\"float\",\"nullable\":true,\"metadata\":{\"delta.columnMapping.id\":5,\"delta.columnMapping.physicalName\":\"col-c769ae07-5fd3-4c20-a2de-99765915c18e\"}},{\"name\":\"as_double\",\"type\":\"double\",\"nullable\":true,\"metadata\":{\"delta.columnMapping.id\":6,\"delta.columnMapping.physicalName\":\"col-f0c299c6-12a6-4865-a911-64e8db5b0dbd\"}},{\"name\":\"as_string\",\"type\":\"string\",\"nullable\":true,\"metadata\":{\"delta.columnMapping.id\":7,\"delta.columnMapping.physicalName\":\"col-0294456f-8254-41e0-987e-34162d349697\"}},{\"name\":\"as_date\",\"type\":\"date\",\"nullable\":true,\"metadata\":{\"delta.columnMapping.id\":8,\"delta.columnMapping.physicalName\":\"col-55683965-65c7-49d2-9cae-cdc51efe9b44\"}},{\"name\":\"as_timestamp\",\"type\":\"timestamp\",\"nullable\":true,\"metadata\":{\"delta.columnMapping.id\":9,\"delta.columnMapping.physicalName\":\"col-550e42f9-2c19-4a53-897d-90d957bdcd4d\"}},{\"name\":\"as_big_decimal\",\"type\":\"decimal(1,0)\",\"nullable\":true,\"metadata\":{\"delta.columnMapping.id\":10,\"delta.columnMapping.physicalName\":\"col-fbe8c9fb-cbda-497f-a2ca-244a0b098e9b\"}}]}","partitionColumns":[],"configuration":{"delta.columnMapping.mode":"id","delta.columnMapping.maxColumnId":"10"},"createdTime":1704475705002}}
{"protocol":{"minReaderVersion":2,"minWriterVersion":5}}
{"add":{"path":"part-00001-d69353bb-8318-4b18-ab6b-699bf5b75405-c000.snappy.parquet","partitionValues":{},"size":4949,"modificationTime":1704475705000,"dataChange":true,"stats":"{\"numRecords\":1,\"minValues\":{\"col-5127245e-27ef-413e-bc33-338fe96712e1\":0,\"col-c7272571-166d-4aa8-b1ac-cd53dd52ef23\":0,\"col-baa9bc9e-3bcd-47b4-a19a-a98e56d253df\":0,\"col-508317b2-3f11-4abd-abf1-5d5ef0c10784\":0,\"col-c769ae07-5fd3-4c20-a2de-99765915c18e\":0.0,\"col-f0c299c6-12a6-4865-a911-64e8db5b0dbd\":0.0,\"col-0294456f-8254-41e0-987e-34162d349697\":\"0\",\"col-55683965-65c7-49d2-9cae-cdc51efe9b44\":\"2000-01-01\",\"col-550e42f9-2c19-4a53-897d-90d957bdcd4d\":\"2000-01-01T00:00:00.000-08:00\",\"col-fbe8c9fb-cbda-497f-a2ca-244a0b098e9b\":0},\"maxValues\":{\"col-5127245e-27ef-413e-bc33-338fe96712e1\":0,\"col-c7272571-166d-4aa8-b1ac-cd53dd52ef23\":0,\"col-baa9bc9e-3bcd-47b4-a19a-a98e56d253df\":0,\"col-508317b2-3f11-4abd-abf1-5d5ef0c10784\":0,\"col-c769ae07-5fd3-4c20-a2de-99765915c18e\":0.0,\"col-f0c299c6-12a6-4865-a911-64e8db5b0dbd\":0.0,\"col-0294456f-8254-41e0-987e-34162d349697\":\"0\",\"col-55683965-65c7-49d2-9cae-cdc51efe9b44\":\"2000-01-01\",\"col-550e42f9-2c19-4a53-897d-90d957bdcd4d\":\"2000-01-01T00:00:00.000-08:00\",\"col-fbe8c9fb-cbda-497f-a2ca-244a0b098e9b\":0},\"nullCount\":{\"col-5127245e-27ef-413e-bc33-338fe96712e1\":0,\"col-c7272571-166d-4aa8-b1ac-cd53dd52ef23\":0,\"col-baa9bc9e-3bcd-47b4-a19a-a98e56d253df\":0,\"col-508317b2-3f11-4abd-abf1-5d5ef0c10784\":0,\"col-c769ae07-5fd3-4c20-a2de-99765915c18e\":0,\"col-f0c299c6-12a6-4865-a911-64e8db5b0dbd\":0,\"col-0294456f-8254-41e0-987e-34162d349697\":0,\"col-55683965-65c7-49d2-9cae-cdc51efe9b44\":0,\"col-550e42f9-2c19-4a53-897d-90d957bdcd4d\":0,\"col-fbe8c9fb-cbda-497f-a2ca-244a0b098e9b\":0}}"}}
